Archive member included to satisfy reference by file (symbol)

app/libapp.a(main.c.obj)      (--whole-archive)
app/libapp.a(flash_map_extended.c.obj)
                              (--whole-archive)
app/libapp.a(os.c.obj)        (--whole-archive)
app/libapp.a(keys.c.obj)      (--whole-archive)
app/libapp.a(io.c.obj)        (--whole-archive)
app/libapp.a(image_validate.c.obj)
                              (--whole-archive)
app/libapp.a(tlv.c.obj)       (--whole-archive)
app/libapp.a(encrypted.c.obj)
                              (--whole-archive)
app/libapp.a(image_rsa.c.obj)
                              (--whole-archive)
app/libapp.a(image_ecdsa.c.obj)
                              (--whole-archive)
app/libapp.a(image_ed25519.c.obj)
                              (--whole-archive)
app/libapp.a(bootutil_misc.c.obj)
                              (--whole-archive)
app/libapp.a(fault_injection_hardening.c.obj)
                              (--whole-archive)
app/libapp.a(loader.c.obj)    (--whole-archive)
app/libapp.a(swap_misc.c.obj)
                              (--whole-archive)
app/libapp.a(caps.c.obj)      (--whole-archive)
app/libapp.a(swap_move.c.obj)
                              (--whole-archive)
app/libapp.a(asn1parse.c.obj)
                              (--whole-archive)
app/libapp.a(platform_util.c.obj)
                              (--whole-archive)
app/libapp.a(cc310_glue.c.obj)
                              (--whole-archive)
app/libapp.a(autogen-pubkey.c.obj)
                              (--whole-archive)
app/libapp.a(arm_cleanup.c.obj)
                              (--whole-archive)
app/libapp.a(flash_check.c.obj)
                              (--whole-archive)
app/libapp.a(nrf_cleanup.c.obj)
                              (--whole-archive)
zephyr/libzephyr.a(heap.c.obj)
                              (--whole-archive)
zephyr/libzephyr.a(cbprintf_packaged.c.obj)
                              (--whole-archive)
zephyr/libzephyr.a(printk.c.obj)
                              (--whole-archive)
zephyr/libzephyr.a(sem.c.obj)
                              (--whole-archive)
zephyr/libzephyr.a(thread_entry.c.obj)
                              (--whole-archive)
zephyr/libzephyr.a(cbprintf_nano.c.obj)
                              (--whole-archive)
zephyr/libzephyr.a(assert.c.obj)
                              (--whole-archive)
zephyr/libzephyr.a(dec.c.obj)
                              (--whole-archive)
zephyr/libzephyr.a(hex.c.obj)
                              (--whole-archive)
zephyr/libzephyr.a(rb.c.obj)  (--whole-archive)
zephyr/libzephyr.a(timeutil.c.obj)
                              (--whole-archive)
zephyr/libzephyr.a(bitarray.c.obj)
                              (--whole-archive)
zephyr/libzephyr.a(onoff.c.obj)
                              (--whole-archive)
zephyr/libzephyr.a(notify.c.obj)
                              (--whole-archive)
zephyr/libzephyr.a(ring_buffer.c.obj)
                              (--whole-archive)
zephyr/libzephyr.a(last_section_id.c.obj)
                              (--whole-archive)
zephyr/libzephyr.a(configs.c.obj)
                              (--whole-archive)
zephyr/libzephyr.a(log_minimal.c.obj)
                              (--whole-archive)
zephyr/libzephyr.a(mem_attr.c.obj)
                              (--whole-archive)
zephyr/libzephyr.a(flash_map.c.obj)
                              (--whole-archive)
zephyr/libzephyr.a(flash_map_layout.c.obj)
                              (--whole-archive)
zephyr/libzephyr.a(tracing_none.c.obj)
                              (--whole-archive)
zephyr/libzephyr.a(usb_device.c.obj)
                              (--whole-archive)
zephyr/libzephyr.a(usb_descriptor.c.obj)
                              (--whole-archive)
zephyr/libzephyr.a(usb_transfer.c.obj)
                              (--whole-archive)
zephyr/libzephyr.a(cdc_acm.c.obj)
                              (--whole-archive)
zephyr/libzephyr.a(usb_work_q.c.obj)
                              (--whole-archive)
zephyr/libzephyr.a(flash_util.c.obj)
                              (--whole-archive)
zephyr/libzephyr.a(banner.c.obj)
                              (--whole-archive)
zephyr/libzephyr.a(flash_map_partition_manager.c.obj)
                              (--whole-archive)
zephyr/libzephyr.a(nrf_cc3xx_platform_abort_zephyr.c.obj)
                              (--whole-archive)
zephyr/libzephyr.a(nrf_cc3xx_platform_mutex_zephyr.c.obj)
                              (--whole-archive)
zephyr/arch/common/libarch__common.a(sw_isr_common.c.obj)
                              (--whole-archive)
zephyr/arch/arch/arm/core/libarch__arm__core.a(fatal.c.obj)
                              (--whole-archive)
zephyr/arch/arch/arm/core/libarch__arm__core.a(nmi.c.obj)
                              (--whole-archive)
zephyr/arch/arch/arm/core/libarch__arm__core.a(nmi_on_reset.S.obj)
                              (--whole-archive)
zephyr/arch/arch/arm/core/libarch__arm__core.a(tls.c.obj)
[...]
Memory Configuration

Name             Origin             Length             Attributes
FLASH            0x0000000000000000 0x000000000000e000 xr
RAM              0x0000000020000000 0x0000000000040000 xw
IDT_LIST         0x00000000ffff7fff 0x0000000000008000 xw
*default*        0x0000000000000000 0xffffffffffffffff

Linker script and memory map

                0x0000000000009994                vfprintf = __m_vfprintf
                0x0000000000000000                vfscanf = __m_vfscanf
LOAD zephyr/CMakeFiles/zephyr_pre0.dir/misc/empty_file.c.obj
LOAD zephyr/CMakeFiles/offsets.dir/./arch/arm/core/offsets/offsets.c.obj
LOAD app/libapp.a
LOAD zephyr/libzephyr.a
LOAD zephyr/arch/common/libarch__common.a
LOAD zephyr/arch/arch/arm/core/libarch__arm__core.a
LOAD zephyr/arch/arch/arm/core/cortex_m/libarch__arm__core__cortex_m.a
LOAD zephyr/arch/arch/arm/core/mpu/libarch__arm__core__mpu.a
LOAD zephyr/lib/libc/picolibc/liblib__libc__picolibc.a
LOAD zephyr/lib/libc/common/liblib__libc__common.a
LOAD zephyr/soc/soc/nrf52840/libsoc__nordic.a
LOAD zephyr/drivers/usb/device/libdrivers__usb__device.a
LOAD zephyr/drivers/usb/common/nrf_usbd_common/libdrivers__usb__common__nrf_usbd_common.a
LOAD zephyr/drivers/clock_control/libdrivers__clock_control.a
LOAD zephyr/drivers/console/libdrivers__console.a
LOAD zephyr/drivers/flash/libdrivers__flash.a
LOAD zephyr/drivers/gpio/libdrivers__gpio.a
LOAD zephyr/drivers/hwinfo/libdrivers__hwinfo.a
LOAD zephyr/drivers/pinctrl/libdrivers__pinctrl.a
LOAD zephyr/drivers/serial/libdrivers__serial.a
LOAD zephyr/drivers/timer/libdrivers__timer.a
LOAD modules/nrf/lib/fprotect/lib..__nrf__lib__fprotect.a
LOAD modules/nrf/drivers/hw_cc3xx/lib..__nrf__drivers__hw_cc3xx.a
LOAD modules/mcuboot/boot/bootutil/zephyr/libmcuboot_util.a
LOAD modules/hal_nordic/modules/hal_nordic/nrfx/libmodules__hal_nordic__nrfx.a
LOAD zephyr/kernel/libkernel.a
LOAD zephyr/arch/common/libisr_tables.a
LOAD C:/Users/Brian/pouch-node-ws/nrfxlib/crypto/nrf_cc310_platform/lib/cortex-m4/hard-float/no-interrupts/libnrf_cc310_platform_0.9.19.a
LOAD C:/Users/Brian/pouch-node-ws/nrfxlib/crypto/nrf_cc310_bl/lib/cortex-m4/hard-float/no-interrupts/libnrf_cc310_bl_0.9.12.a
LOAD c:\users\brian\zephyr-sdk-0.17.4\arm-zephyr-eabi\bin\../lib/gcc/../../picolibc/arm-zephyr-eabi/lib/thumb/v7e-m+fp/hard\libc.a
LOAD c:/users/brian/zephyr-sdk-0.17.4/arm-zephyr-eabi/bin/../lib/gcc/arm-zephyr-eabi/12.2.0/thumb/v7e-m+fp/hard\libgcc.a
                0x0000000000000080                _region_min_align = 0x80

.rel.plt        0x0000000000000000        0x0
 *(SORT_BY_ALIGNMENT(.rel.plt))
                [!provide]                        PROVIDE (__rel_iplt_start = .)
 *(SORT_BY_ALIGNMENT(.rel.iplt))
 .rel.iplt      0x0000000000000000        0x0 app/libapp.a(main.c.obj)
                [!provide]                        PROVIDE (__rel_iplt_end = .)

.rela.plt       0x0000000000000000        0x0
 *(SORT_BY_ALIGNMENT(.rela.plt))
                [!provide]                        PROVIDE (__rela_iplt_start = .)
 *(SORT_BY_ALIGNMENT(.rela.iplt))
                [!provide]                        PROVIDE (__rela_iplt_end = .)

.rel.dyn
 *(SORT_BY_ALIGNMENT(.rel.*))

.rela.dyn
 *(SORT_BY_ALIGNMENT(.rela.*))

/DISCARD/
 *(SORT_BY_ALIGNMENT(.plt))

/DISCARD/
 *(SORT_BY_ALIGNMENT(.iplt))
                0x0000000000000000                __rom_region_start = 0x0

rom_start       0x0000000000000000      0x100
                0x0000000000000000                __rom_start_address = .
 FILL mask 0x00
                0x0000000000000000                . = (. + (0x0 - (. - __rom_start_address)))
                0x0000000000000000                . = ALIGN (0x4)
                0x0000000000000000                . = ALIGN (0x80)
                0x0000000000000000                . = ALIGN (0x100)
                0x0000000000000000                _vector_start = .
 *(SORT_BY_ALIGNMENT(.exc_vector_table))
 *(SORT_BY_ALIGNMENT(.exc_vector_table.*))
 .exc_vector_table._vector_table_section
                0x0000000000000000       0x40 zephyr/arch/arch/arm/core/cortex_m/libarch__arm__core__cortex_m.a(vector_table.S.obj)
                0x0000000000000000                _vector_table
 *(SORT_BY_ALIGNMENT(.vectors))
                0x0000000000000100                _vector_end = .
                0x0000000000000040                . = ALIGN (0x4)
 *(SORT_BY_ALIGNMENT(.gnu.linkonce.irq_vector_table*))
 .gnu.linkonce.irq_vector_table
                0x0000000000000040       0xc0 zephyr/arch/common/libisr_tables.a(isr_tables.c.obj)
                0x0000000000000040                _irq_vector_table
                0x0000000000000100                _vector_end = .

text            0x0000000000000100     0xc078
                0x0000000000000100                __text_region_start = .
 *(SORT_BY_ALIGNMENT(.text))
 *(SORT_BY_ALIGNMENT(.text.*))
 .text.main     0x0000000000000100      0x10c app/libapp.a(main.c.obj)
                0x0000000000000100                main
 .text.flash_device_base
                0x000000000000020c       0x20 app/libapp.a(flash_map_extended.c.obj)
                0x000000000000020c                flash_device_base
 .text.flash_area_id_from_multi_image_slot
                0x000000000000022c       0x24 app/libapp.a(flash_map_extended.c.obj)
                0x000000000000022c                flash_area_id_from_multi_image_slot
 .text.bootutil_img_validate
                0x0000000000000250      0x238 app/libapp.a(image_validate.c.obj)
                0x0000000000000250                bootutil_img_validate
 .text.bootutil_verify_sig
                0x0000000000000488      0x10c app/libapp.a(image_ecdsa.c.obj)
                0x0000000000000488                bootutil_verify_sig
 .text.boot_status_entries
                0x0000000000000594       0x2c app/libapp.a(bootutil_misc.c.obj)
                0x0000000000000594                boot_status_entries
 .text.boot_find_status
                0x00000000000005c0       0x34 app/libapp.a(bootutil_misc.c.obj)
                0x00000000000005c0                boot_find_status
 .text.boot_erase_region
                0x00000000000005f4       0xac app/libapp.a(bootutil_misc.c.obj)
                0x00000000000005f4                boot_erase_region
 .text.boot_swap_image
                0x00000000000006a0       0xa0 app/libapp.a(loader.c.obj)
 .text.boot_validate_slot.constprop.0
                0x0000000000000740      0x108 app/libapp.a(loader.c.obj)
 .text.boot_copy_region
                0x0000000000000848       0x84 app/libapp.a(loader.c.obj)
                0x0000000000000848                boot_copy_region
 .text.context_boot_go
                0x00000000000008cc      0x284 app/libapp.a(loader.c.obj)
                0x00000000000008cc                context_boot_go
 .text.boot_go  0x0000000000000b50       0x1c app/libapp.a(loader.c.obj)
                0x0000000000000b50                boot_go
 .text.swap_set_copy_done
                0x0000000000000b6c       0x2c app/libapp.a(swap_misc.c.obj)
                0x0000000000000b6c                swap_set_copy_done
 .text.swap_set_image_ok
                0x0000000000000b98       0x44 app/libapp.a(swap_misc.c.obj)
                0x0000000000000b98                swap_set_image_ok
 .text.boot_read_image_header
                0x0000000000000bdc       0xb0 app/libapp.a(swap_move.c.obj)
                0x0000000000000bdc                boot_read_image_header
 .text.swap_read_status_bytes
                0x0000000000000c8c       0xc8 app/libapp.a(swap_move.c.obj)
                0x0000000000000c8c                swap_read_status_bytes
 .text.boot_slots_compatible
                0x0000000000000d54       0x80 app/libapp.a(swap_move.c.obj)
                0x0000000000000d54                boot_slots_compatible
 .text.swap_status_source
                0x0000000000000dd4       0xd8 app/libapp.a(swap_move.c.obj)
                0x0000000000000dd4                swap_status_source
 .text.fixup_revert
                0x0000000000000eac       0xac app/libapp.a(swap_move.c.obj)
                0x0000000000000eac                fixup_revert
 .text.swap_run
                0x0000000000000f58      0x210 app/libapp.a(swap_move.c.obj)
                0x0000000000000f58                swap_run
 .text.mbedtls_platform_zeroize
                0x0000000000001168       0x14 app/libapp.a(platform_util.c.obj)
                0x0000000000001168                mbedtls_platform_zeroize
 .text.cc310_init
                0x000000000000117c       0x30 app/libapp.a(cc310_glue.c.obj)
                0x000000000000117c                cc310_init
 .text.cc310_ecdsa_verify_secp256r1
                0x00000000000011ac       0x3c app/libapp.a(cc310_glue.c.obj)
                0x00000000000011ac                cc310_ecdsa_verify_secp256r1
 .text.cleanup_arm_nvic
                0x00000000000011e8       0x54 app/libapp.a(arm_cleanup.c.obj)
                0x00000000000011e8                cleanup_arm_nvic
 .text.nrf_cleanup_peripheral
                0x000000000000123c      0x110 app/libapp.a(nrf_cleanup.c.obj)
                0x000000000000123c                nrf_cleanup_peripheral
 .text.char_out
                0x000000000000134c        0xc zephyr/libzephyr.a(printk.c.obj)
 .text.__printk_hook_install
                0x0000000000001358        0xc zephyr/libzephyr.a(printk.c.obj)
                0x0000000000001358                __printk_hook_install
 .text.vprintk  0x0000000000001364       0x30 zephyr/libzephyr.a(printk.c.obj)
                0x0000000000001364                vprintk
 .text.z_thread_entry
                0x0000000000001394       0x34 zephyr/libzephyr.a(thread_entry.c.obj)
                0x0000000000001394                z_thread_entry
 .text.process_event
                0x00000000000013c8      0x21c zephyr/libzephyr.a(onoff.c.obj)
 .text.mem_attr_get_regions
                0x00000000000015e4        0xc zephyr/libzephyr.a(mem_attr.c.obj)
                0x00000000000015e4                mem_attr_get_regions
 .text.flash_area_open
                0x00000000000015f0       0x4c zephyr/libzephyr.a(flash_map.c.obj)
                0x00000000000015f0                flash_area_open
 .text.flash_area_sectors
                0x000000000000163c       0x34 zephyr/libzephyr.a(flash_map_layout.c.obj)
                0x000000000000163c                flash_area_sectors
 .text.disable_endpoint
                0x0000000000001670       0x2c zephyr/libzephyr.a(usb_device.c.obj)
 .text.usb_disable
                0x000000000000169c       0x60 zephyr/libzephyr.a(usb_device.c.obj)
                0x000000000000169c                usb_disable
 .text.usb_ep_get_transfer
                0x00000000000016fc       0x2c zephyr/libzephyr.a(usb_transfer.c.obj)
 .text.usb_transfer_work
                0x0000000000001728      0x100 zephyr/libzephyr.a(usb_transfer.c.obj)
 .text.usb_transfer_ep_callback
                0x0000000000001828       0x5c zephyr/libzephyr.a(usb_transfer.c.obj)
                0x0000000000001828                usb_transfer_ep_callback
 .text.usb_transfer
                0x0000000000001884       0xe0 zephyr/libzephyr.a(usb_transfer.c.obj)
                0x0000000000001884                usb_transfer
 .text.usb_cancel_transfers
                0x0000000000001964       0x44 zephyr/libzephyr.a(usb_transfer.c.obj)
                0x0000000000001964                usb_cancel_transfers
 .text.cdc_acm_irq_rx_enable
                0x00000000000019a8       0x20 zephyr/libzephyr.a(cdc_acm.c.obj)
 .text.cdc_acm_irq_tx_enable
                0x00000000000019c8       0x20 zephyr/libzephyr.a(cdc_acm.c.obj)
 .text.cdc_acm_fifo_fill
                0x00000000000019e8       0x3c zephyr/libzephyr.a(cdc_acm.c.obj)
 .text.cdc_acm_write_cb
                0x0000000000001a24       0x54 zephyr/libzephyr.a(cdc_acm.c.obj)
 .text.cdc_acm_class_handle_req
                0x0000000000001a78       0x64 zephyr/libzephyr.a(cdc_acm.c.obj)
                0x0000000000001a78                cdc_acm_class_handle_req
 .text.cdc_acm_int_in
                0x0000000000001adc       0x18 zephyr/libzephyr.a(cdc_acm.c.obj)
 .text.cdc_acm_reset_port
                0x0000000000001af4       0x3c zephyr/libzephyr.a(cdc_acm.c.obj)
 .text.cdc_acm_init
                0x0000000000001b30       0x48 zephyr/libzephyr.a(cdc_acm.c.obj)
 .text.cdc_acm_poll_out
                0x0000000000001b78       0x70 zephyr/libzephyr.a(cdc_acm.c.obj)
 .text.tx_work_handler
                0x0000000000001be8       0x78 zephyr/libzephyr.a(cdc_acm.c.obj)
 .text.cdc_acm_read_cb
                0x0000000000001c60       0x74 zephyr/libzephyr.a(cdc_acm.c.obj)
 .text.cdc_acm_dev_status_cb
                0x0000000000001cd4       0x84 zephyr/libzephyr.a(cdc_acm.c.obj)
 .text.z_usb_work_q_init
                0x0000000000001d58       0x34 zephyr/libzephyr.a(usb_work_q.c.obj)
 .text.boot_banner
                0x0000000000001d8c       0x24 zephyr/libzephyr.a(banner.c.obj)
                0x0000000000001d8c                boot_banner
 .text.nrf_cc3xx_platform_abort_init
                0x0000000000001db0        0xc zephyr/libzephyr.a(nrf_cc3xx_platform_abort_zephyr.c.obj)
                0x0000000000001db0                nrf_cc3xx_platform_abort_init
 .text.mutex_free_platform
                0x0000000000001dbc       0x54 zephyr/libzephyr.a(nrf_cc3xx_platform_mutex_zephyr.c.obj)
 .text.mutex_lock_platform
                0x0000000000001e10       0x60 zephyr/libzephyr.a(nrf_cc3xx_platform_mutex_zephyr.c.obj)
 .text.mutex_unlock_platform
                0x0000000000001e70       0x58 zephyr/libzephyr.a(nrf_cc3xx_platform_mutex_zephyr.c.obj)
 .text.mutex_init_platform
                0x0000000000001ec8       0x94 zephyr/libzephyr.a(nrf_cc3xx_platform_mutex_zephyr.c.obj)
 .text.nrf_cc3xx_platform_mutex_init
                0x0000000000001f5c       0x2c zephyr/libzephyr.a(nrf_cc3xx_platform_mutex_zephyr.c.obj)
                0x0000000000001f5c                nrf_cc3xx_platform_mutex_init
 .text.z_SysNmiOnReset
                0x0000000000001f88        0x8 zephyr/arch/arch/arm/core/libarch__arm__core.a(nmi_on_reset.S.obj)
                0x0000000000001f88                z_SysNmiOnReset
 .text.arch_tls_stack_setup
                0x0000000000001f90       0x40 zephyr/arch/arch/arm/core/libarch__arm__core.a(tls.c.obj)
                0x0000000000001f90                arch_tls_stack_setup
 .text._HandlerModeExit
                0x0000000000001fd0       0x20 zephyr/arch/arch/arm/core/cortex_m/libarch__arm__core__cortex_m.a(exc_exit.c.obj)
                0x0000000000001fd0                z_arm_int_exit
                0x0000000000001fd0                z_arm_exc_exit
 .text.mem_manage_fault
                0x0000000000001ff0       0xa0 zephyr/arch/arch/arm/core/cortex_m/libarch__arm__core__cortex_m.a(fault.c.obj)
 .text.usage_fault.constprop.0
                0x0000000000002090       0x54 zephyr/arch/arch/arm/core/cortex_m/libarch__arm__core__cortex_m.a(fault.c.obj)
 .text.bus_fault.constprop.0
                0x00000000000020e4       0x6c zephyr/arch/arch/arm/core/cortex_m/libarch__arm__core__cortex_m.a(fault.c.obj)
 .text.z_arm_fault
                0x0000000000002150      0x11c zephyr/arch/arch/arm/core/cortex_m/libarch__arm__core__cortex_m.a(fault.c.obj)
                0x0000000000002150                z_arm_fault
 .text.z_arm_fault_init
                0x000000000000226c       0x18 zephyr/arch/arch/arm/core/cortex_m/libarch__arm__core__cortex_m.a(fault.c.obj)
                0x000000000000226c                z_arm_fault_init
 .text.__fault  0x0000000000002284       0x14 zephyr/arch/arch/arm/core/cortex_m/libarch__arm__core__cortex_m.a(fault_s.S.obj)
                0x0000000000002284                z_arm_usage_fault
                0x0000000000002284                z_arm_mpu_fault
                0x0000000000002284                z_arm_exc_spurious
                0x0000000000002284                z_arm_debug_monitor
                0x0000000000002284                z_arm_hard_fault
                0x0000000000002284                z_arm_bus_fault
 .text._reset_section
                0x0000000000002298       0x54 zephyr/arch/arch/arm/core/cortex_m/libarch__arm__core__cortex_m.a(reset.S.obj)
                0x0000000000002298                __start
                0x0000000000002298                z_arm_reset
 .text.z_arm_clear_arm_mpu_config
                0x00000000000022ec       0x24 zephyr/arch/arch/arm/core/cortex_m/libarch__arm__core__cortex_m.a(scb.c.obj)
                0x00000000000022ec                z_arm_clear_arm_mpu_config
 .text.z_arm_init_arch_hw_at_boot
                0x0000000000002310       0x64 zephyr/arch/arch/arm/core/cortex_m/libarch__arm__core__cortex_m.a(scb.c.obj)
                0x0000000000002310                z_arm_init_arch_hw_at_boot
 .text.z_impl_k_thread_abort
                0x0000000000002374       0x2c zephyr/arch/arch/arm/core/cortex_m/libarch__arm__core__cortex_m.a(thread_abort.c.obj)
                0x0000000000002374                z_impl_k_thread_abort
 .text.z_arm_pendsv
                0x00000000000023a0       0x9c zephyr/arch/arch/arm/core/cortex_m/libarch__arm__core__cortex_m.a(swap_helper.S.obj)
                0x00000000000023a0                z_arm_pendsv
 .text.z_arm_svc
                0x000000000000243c       0x24 zephyr/arch/arch/arm/core/cortex_m/libarch__arm__core__cortex_m.a(swap_helper.S.obj)
                0x000000000000243c                z_arm_svc
 .text.arm_irq_enable
                0x0000000000002460       0x1c zephyr/arch/arch/arm/core/cortex_m/libarch__arm__core__cortex_m.a(irq_manage.c.obj)
                0x0000000000002460                arm_irq_enable
 .text.arm_irq_disable
                0x000000000000247c       0x28 zephyr/arch/arch/arm/core/cortex_m/libarch__arm__core__cortex_m.a(irq_manage.c.obj)
                0x000000000000247c                arm_irq_disable
 .text.arm_irq_is_enabled
                0x00000000000024a4       0x1c zephyr/arch/arch/arm/core/cortex_m/libarch__arm__core__cortex_m.a(irq_manage.c.obj)
                0x00000000000024a4                arm_irq_is_enabled
 .text.arm_irq_priority_set
                0x00000000000024c0       0x30 zephyr/arch/arch/arm/core/cortex_m/libarch__arm__core__cortex_m.a(irq_manage.c.obj)
                0x00000000000024c0                arm_irq_priority_set
 .text.relocate_vector_table
                0x00000000000024f0       0x1c zephyr/arch/arch/arm/core/cortex_m/libarch__arm__core__cortex_m.a(prep_c.c.obj)
                0x00000000000024f0                relocate_vector_table
 .text.z_prep_c
                0x000000000000250c       0x4c zephyr/arch/arch/arm/core/cortex_m/libarch__arm__core__cortex_m.a(prep_c.c.obj)
                0x000000000000250c                z_prep_c
 .text.arch_new_thread
                0x0000000000002558       0x40 zephyr/arch/arch/arm/core/cortex_m/libarch__arm__core__cortex_m.a(thread.c.obj)
                0x0000000000002558                arch_new_thread
 .text.z_arm_mpu_stack_guard_and_fpu_adjust
                0x0000000000002598       0x54 zephyr/arch/arch/arm/core/cortex_m/libarch__arm__core__cortex_m.a(thread.c.obj)
                0x0000000000002598                z_arm_mpu_stack_guard_and_fpu_adjust
 .text.z_check_thread_stack_fail
                0x00000000000025ec       0x2c zephyr/arch/arch/arm/core/cortex_m/libarch__arm__core__cortex_m.a(thread.c.obj)
                0x00000000000025ec                z_check_thread_stack_fail
 .text.arch_float_disable
                0x0000000000002618       0x48 zephyr/arch/arch/arm/core/cortex_m/libarch__arm__core__cortex_m.a(thread.c.obj)
                0x0000000000002618                arch_float_disable
 .text.arch_switch_to_main_thread
                0x0000000000002660       0x58 zephyr/arch/arch/arm/core/cortex_m/libarch__arm__core__cortex_m.a(thread.c.obj)
                0x0000000000002660                arch_switch_to_main_thread
 .text.z_arm_cpu_idle_init
                0x00000000000026b8        0xc zephyr/arch/arch/arm/core/cortex_m/libarch__arm__core__cortex_m.a(cpu_idle.c.obj)
                0x00000000000026b8                z_arm_cpu_idle_init
 .text.z_arm_interrupt_init
                0x00000000000026c4       0x18 zephyr/arch/arch/arm/core/cortex_m/libarch__arm__core__cortex_m.a(irq_init.c.obj)
                0x00000000000026c4                z_arm_interrupt_init
 .text._isr_wrapper
                0x00000000000026dc       0x24 zephyr/arch/arch/arm/core/cortex_m/libarch__arm__core__cortex_m.a(isr_wrapper.c.obj)
                0x00000000000026dc                _isr_wrapper
 .text.z_arm_configure_static_mpu_regions
                0x0000000000002700       0x18 zephyr/arch/arch/arm/core/mpu/libarch__arm__core__mpu.a(arm_core_mpu.c.obj)
                0x0000000000002700                z_arm_configure_static_mpu_regions
 .text.z_arm_configure_dynamic_mpu_regions
                0x0000000000002718       0x2c zephyr/arch/arch/arm/core/mpu/libarch__arm__core__mpu.a(arm_core_mpu.c.obj)
                0x0000000000002718                z_arm_configure_dynamic_mpu_regions
 .text.region_init
                0x0000000000002744       0x28 zephyr/arch/arch/arm/core/mpu/libarch__arm__core__mpu.a(arm_mpu.c.obj)
 .text.mpu_configure_regions
                0x000000000000276c       0x6c zephyr/arch/arch/arm/core/mpu/libarch__arm__core__mpu.a(arm_mpu.c.obj)
 .text.arm_core_mpu_enable
                0x00000000000027d8       0x18 zephyr/arch/arch/arm/core/mpu/libarch__arm__core__mpu.a(arm_mpu.c.obj)
                0x00000000000027d8                arm_core_mpu_enable
 .text.arm_core_mpu_disable
                0x00000000000027f0       0x14 zephyr/arch/arch/arm/core/mpu/libarch__arm__core__mpu.a(arm_mpu.c.obj)
                0x00000000000027f0                arm_core_mpu_disable
 .text.arm_core_mpu_configure_static_mpu_regions
                0x0000000000002804       0x14 zephyr/arch/arch/arm/core/mpu/libarch__arm__core__mpu.a(arm_mpu.c.obj)
                0x0000000000002804                arm_core_mpu_configure_static_mpu_regions
 .text.arm_core_mpu_configure_dynamic_mpu_regions
                0x0000000000002818       0x38 zephyr/arch/arch/arm/core/mpu/libarch__arm__core__mpu.a(arm_mpu.c.obj)
                0x0000000000002818                arm_core_mpu_configure_dynamic_mpu_regions
 .text.z_arm_mpu_init
                0x0000000000002850      0x168 zephyr/arch/arch/arm/core/mpu/libarch__arm__core__mpu.a(arm_mpu.c.obj)
                0x0000000000002850                z_arm_mpu_init
 .text.z_impl_zephyr_fputc
                0x00000000000029b8       0x10 zephyr/lib/libc/picolibc/liblib__libc__picolibc.a(stdio.c.obj)
                0x00000000000029b8                z_impl_zephyr_fputc
 .text.__stdout_hook_install
                0x00000000000029c8       0x18 zephyr/lib/libc/picolibc/liblib__libc__picolibc.a(stdio.c.obj)
                0x00000000000029c8                __stdout_hook_install
 .text.abort    0x00000000000029e0       0x1c zephyr/lib/libc/common/liblib__libc__common.a(abort.c.obj)
                0x00000000000029e0                abort
 .text.nordicsemi_nrf52_init
                0x00000000000029fc       0x44 zephyr/soc/soc/nrf52840/libsoc__nordic.a(soc.c.obj)
 .text.arch_busy_wait
                0x0000000000002a40       0x14 zephyr/soc/soc/nrf52840/libsoc__nordic.a(soc.c.obj)
                0x0000000000002a40                arch_busy_wait
 .text.endpoint_ctx
                0x0000000000002a54       0x60 zephyr/drivers/usb/device/libdrivers__usb__device.a(usb_dc_nrfx.c.obj)
 .text.usbd_work_schedule
                0x0000000000002ab4       0x10 zephyr/drivers/usb/device/libdrivers__usb__device.a(usb_dc_nrfx.c.obj)
 .text.usbd_evt_put
                0x0000000000002ac4        0xc zephyr/drivers/usb/device/libdrivers__usb__device.a(usb_dc_nrfx.c.obj)
 .text.usbd_evt_get
                0x0000000000002ad0       0x10 zephyr/drivers/usb/device/libdrivers__usb__device.a(usb_dc_nrfx.c.obj)
 .text.usb_init
                0x0000000000002ae0       0x70 zephyr/drivers/usb/device/libdrivers__usb__device.a(usb_dc_nrfx.c.obj)
 .text.hfxo_stop.constprop.0.isra.0
                0x0000000000002b50       0x40 zephyr/drivers/usb/device/libdrivers__usb__device.a(usb_dc_nrfx.c.obj)
 .text.eps_ctx_init
                0x0000000000002b90       0x68 zephyr/drivers/usb/device/libdrivers__usb__device.a(usb_dc_nrfx.c.obj)
 .text.usbd_evt_flush
                0x0000000000002bf8       0x1c zephyr/drivers/usb/device/libdrivers__usb__device.a(usb_dc_nrfx.c.obj)
 .text.usbd_evt_alloc
                0x0000000000002c14       0x44 zephyr/drivers/usb/device/libdrivers__usb__device.a(usb_dc_nrfx.c.obj)
 .text.usb_dc_power_event_handler
                0x0000000000002c58       0x34 zephyr/drivers/usb/device/libdrivers__usb__device.a(usb_dc_nrfx.c.obj)
 .text.usbd_event_transfer_data
                0x0000000000002c8c       0xa8 zephyr/drivers/usb/device/libdrivers__usb__device.a(usb_dc_nrfx.c.obj)
 .text.usbd_event_handler
                0x0000000000002d34      0x11c zephyr/drivers/usb/device/libdrivers__usb__device.a(usb_dc_nrfx.c.obj)
 .text.usbd_work_handler
                0x0000000000002e50      0x2e0 zephyr/drivers/usb/device/libdrivers__usb__device.a(usb_dc_nrfx.c.obj)
 .text.usb_dc_detach
                0x0000000000003130       0x40 zephyr/drivers/usb/device/libdrivers__usb__device.a(usb_dc_nrfx.c.obj)
                0x0000000000003130                usb_dc_detach
 .text.usb_dc_ep_write
                0x0000000000003170       0xf8 zephyr/drivers/usb/device/libdrivers__usb__device.a(usb_dc_nrfx.c.obj)
                0x0000000000003170                usb_dc_ep_write
 .text.usb_dc_ep_read_wait
                0x0000000000003268       0x90 zephyr/drivers/usb/device/libdrivers__usb__device.a(usb_dc_nrfx.c.obj)
                0x0000000000003268                usb_dc_ep_read_wait
 .text.usb_dc_ep_read_continue
                0x00000000000032f8       0x84 zephyr/drivers/usb/device/libdrivers__usb__device.a(usb_dc_nrfx.c.obj)
                0x00000000000032f8                usb_dc_ep_read_continue
 .text.usb_dc_ep_mps
                0x000000000000337c       0x24 zephyr/drivers/usb/device/libdrivers__usb__device.a(usb_dc_nrfx.c.obj)
                0x000000000000337c                usb_dc_ep_mps
 .text.nrf52_errata_187
                0x00000000000033a0       0x28 zephyr/drivers/usb/common/nrf_usbd_common/libdrivers__usb__common__nrf_usbd_common.a(nrf_usbd_common.c.obj)
 .text.ep_state_access
                0x00000000000033c8       0x20 zephyr/drivers/usb/common/nrf_usbd_common/libdrivers__usb__common__nrf_usbd_common.a(nrf_usbd_common.c.obj)
 .text.usbd_errata_187_211_begin
                0x00000000000033e8       0x3c zephyr/drivers/usb/common/nrf_usbd_common/libdrivers__usb__common__nrf_usbd_common.a(nrf_usbd_common.c.obj)
 .text.usbd_errata_187_211_end
                0x0000000000003424       0x3c zephyr/drivers/usb/common/nrf_usbd_common/libdrivers__usb__common__nrf_usbd_common.a(nrf_usbd_common.c.obj)
 .text.usbd_dma_pending_clear
                0x0000000000003460       0x1c zephyr/drivers/usb/common/nrf_usbd_common/libdrivers__usb__common__nrf_usbd_common.a(nrf_usbd_common.c.obj)
 .text.nrf_usbd_common_uninit
                0x000000000000347c       0x14 zephyr/drivers/usb/common/nrf_usbd_common/libdrivers__usb__common__nrf_usbd_common.a(nrf_usbd_common.c.obj)
                0x000000000000347c                nrf_usbd_common_uninit
 .text.nrf_usbd_common_enable
                0x0000000000003490      0x148 zephyr/drivers/usb/common/nrf_usbd_common/libdrivers__usb__common__nrf_usbd_common.a(nrf_usbd_common.c.obj)
                0x0000000000003490                nrf_usbd_common_enable
 .text.nrf_usbd_common_start
                0x00000000000035d8       0x38 zephyr/drivers/usb/common/nrf_usbd_common/libdrivers__usb__common__nrf_usbd_common.a(nrf_usbd_common.c.obj)
                0x00000000000035d8                nrf_usbd_common_start
 .text.nrf_usbd_common_is_enabled
                0x0000000000003610       0x14 zephyr/drivers/usb/common/nrf_usbd_common/libdrivers__usb__common__nrf_usbd_common.a(nrf_usbd_common.c.obj)
                0x0000000000003610                nrf_usbd_common_is_enabled
 .text.nrf_usbd_common_suspend
                0x0000000000003624       0x6c zephyr/drivers/usb/common/nrf_usbd_common/libdrivers__usb__common__nrf_usbd_common.a(nrf_usbd_common.c.obj)
                0x0000000000003624                nrf_usbd_common_suspend
 .text.nrf_usbd_common_init
                0x0000000000003690       0x84 zephyr/drivers/usb/common/nrf_usbd_common/libdrivers__usb__common__nrf_usbd_common.a(nrf_usbd_common.c.obj)
                0x0000000000003690                nrf_usbd_common_init
 .text.nrf_usbd_common_ep_enable_check
                0x0000000000003714       0x28 zephyr/drivers/usb/common/nrf_usbd_common/libdrivers__usb__common__nrf_usbd_common.a(nrf_usbd_common.c.obj)
                0x0000000000003714                nrf_usbd_common_ep_enable_check
 .text.nrf_usbd_common_ep_transfer
                0x000000000000373c       0x98 zephyr/drivers/usb/common/nrf_usbd_common/libdrivers__usb__common__nrf_usbd_common.a(nrf_usbd_common.c.obj)
                0x000000000000373c                nrf_usbd_common_ep_transfer
 .text.nrf_usbd_common_epout_size_get
                0x00000000000037d4       0x28 zephyr/drivers/usb/common/nrf_usbd_common/libdrivers__usb__common__nrf_usbd_common.a(nrf_usbd_common.c.obj)
                0x00000000000037d4                nrf_usbd_common_epout_size_get
 .text.nrf_usbd_common_irq_handler
                0x00000000000037fc      0x494 zephyr/drivers/usb/common/nrf_usbd_common/libdrivers__usb__common__nrf_usbd_common.a(nrf_usbd_common.c.obj)
                0x00000000000037fc                nrf_usbd_common_irq_handler
 .text.nrf_usbd_common_setup_get
                0x0000000000003c90       0x44 zephyr/drivers/usb/common/nrf_usbd_common/libdrivers__usb__common__nrf_usbd_common.a(nrf_usbd_common.c.obj)
                0x0000000000003c90                nrf_usbd_common_setup_get
 .text.nrf_usbd_common_setup_data_clear
                0x0000000000003cd4        0xc zephyr/drivers/usb/common/nrf_usbd_common/libdrivers__usb__common__nrf_usbd_common.a(nrf_usbd_common.c.obj)
                0x0000000000003cd4                nrf_usbd_common_setup_data_clear
 .text.nrf_usbd_common_setup_clear
                0x0000000000003ce0        0xc zephyr/drivers/usb/common/nrf_usbd_common/libdrivers__usb__common__nrf_usbd_common.a(nrf_usbd_common.c.obj)
                0x0000000000003ce0                nrf_usbd_common_setup_clear
 .text.nrf_usbd_common_last_setup_dir_get
                0x0000000000003cec        0xc zephyr/drivers/usb/common/nrf_usbd_common/libdrivers__usb__common__nrf_usbd_common.a(nrf_usbd_common.c.obj)
                0x0000000000003cec                nrf_usbd_common_last_setup_dir_get
 .text.nrf_usbd_common_transfer_out_drop
                0x0000000000003cf8       0x4c zephyr/drivers/usb/common/nrf_usbd_common/libdrivers__usb__common__nrf_usbd_common.a(nrf_usbd_common.c.obj)
                0x0000000000003cf8                nrf_usbd_common_transfer_out_drop
 .text.usbd_ep_abort
                0x0000000000003d44       0xf0 zephyr/drivers/usb/common/nrf_usbd_common/libdrivers__usb__common__nrf_usbd_common.a(nrf_usbd_common.c.obj)
 .text.nrf_usbd_common_ep_abort
                0x0000000000003e34       0x34 zephyr/drivers/usb/common/nrf_usbd_common/libdrivers__usb__common__nrf_usbd_common.a(nrf_usbd_common.c.obj)
                0x0000000000003e34                nrf_usbd_common_ep_abort
 .text.nrf_usbd_common_disable
                0x0000000000003e68       0xd4 zephyr/drivers/usb/common/nrf_usbd_common/libdrivers__usb__common__nrf_usbd_common.a(nrf_usbd_common.c.obj)
                0x0000000000003e68                nrf_usbd_common_disable
 .text.nrf_usbd_common_ep_disable
                0x0000000000003f3c       0x60 zephyr/drivers/usb/common/nrf_usbd_common/libdrivers__usb__common__nrf_usbd_common.a(nrf_usbd_common.c.obj)
                0x0000000000003f3c                nrf_usbd_common_ep_disable
 .text.nrf_usbd_common_ep_enable
                0x0000000000003f9c       0x70 zephyr/drivers/usb/common/nrf_usbd_common/libdrivers__usb__common__nrf_usbd_common.a(nrf_usbd_common.c.obj)
                0x0000000000003f9c                nrf_usbd_common_ep_enable
 .text.onoff_stop
                0x000000000000400c       0x30 zephyr/drivers/clock_control/libdrivers__clock_control.a(clock_control_nrf.c.obj)
 .text.onoff_start
                0x000000000000403c       0x44 zephyr/drivers/clock_control/libdrivers__clock_control.a(clock_control_nrf.c.obj)
 .text.generic_hfclk_stop
                0x0000000000004080       0x34 zephyr/drivers/clock_control/libdrivers__clock_control.a(clock_control_nrf.c.obj)
 .text.clk_init
                0x00000000000040b4       0x58 zephyr/drivers/clock_control/libdrivers__clock_control.a(clock_control_nrf.c.obj)
 .text.api_blocking_start
                0x000000000000410c       0x34 zephyr/drivers/clock_control/libdrivers__clock_control.a(clock_control_nrf.c.obj)
 .text.clkstarted_handle.constprop.0
                0x0000000000004140       0x4c zephyr/drivers/clock_control/libdrivers__clock_control.a(clock_control_nrf.c.obj)
 .text.generic_hfclk_start
                0x000000000000418c       0x7c zephyr/drivers/clock_control/libdrivers__clock_control.a(clock_control_nrf.c.obj)
 .text.clock_event_handler
                0x0000000000004208       0x1c zephyr/drivers/clock_control/libdrivers__clock_control.a(clock_control_nrf.c.obj)
 .text.z_nrf_clock_control_lf_on
                0x0000000000004224       0xfc zephyr/drivers/clock_control/libdrivers__clock_control.a(clock_control_nrf.c.obj)
                0x0000000000004224                z_nrf_clock_control_lf_on
 .text.uart_console_init
                0x0000000000004320       0x28 zephyr/drivers/console/libdrivers__console.a(uart_console.c.obj)
 .text.console_out
                0x0000000000004348       0x28 zephyr/drivers/console/libdrivers__console.a(uart_console.c.obj)
 .text.qspi_get_zephyr_ret_code
                0x0000000000004370       0x1c zephyr/drivers/flash/libdrivers__flash.a(nrf_qspi_nor.c.obj)
 .text.qspi_nor_pages_layout
                0x000000000000438c       0x10 zephyr/drivers/flash/libdrivers__flash.a(nrf_qspi_nor.c.obj)
 .text.qspi_flash_get_parameters
                0x000000000000439c        0x8 zephyr/drivers/flash/libdrivers__flash.a(nrf_qspi_nor.c.obj)
 .text.nrf_qspi_pins_set.constprop.0
                0x00000000000043a4       0x5c zephyr/drivers/flash/libdrivers__flash.a(nrf_qspi_nor.c.obj)
 .text.qspi_wait_for_completion.isra.0
                0x0000000000004400       0x1c zephyr/drivers/flash/libdrivers__flash.a(nrf_qspi_nor.c.obj)
 .text.qspi_nor_init
                0x000000000000441c      0x1b4 zephyr/drivers/flash/libdrivers__flash.a(nrf_qspi_nor.c.obj)
 .text.qspi_nor_write
                0x00000000000045d0      0x110 zephyr/drivers/flash/libdrivers__flash.a(nrf_qspi_nor.c.obj)
 .text.qspi_nor_read
                0x00000000000046e0      0x13c zephyr/drivers/flash/libdrivers__flash.a(nrf_qspi_nor.c.obj)
 .text.qspi_nor_erase
                0x000000000000481c      0x100 zephyr/drivers/flash/libdrivers__flash.a(nrf_qspi_nor.c.obj)
 .text.flash_nrf_pages_layout
                0x000000000000491c       0x10 zephyr/drivers/flash/libdrivers__flash.a(soc_flash_nrf.c.obj)
 .text.flash_nrf_get_parameters
                0x000000000000492c        0x8 zephyr/drivers/flash/libdrivers__flash.a(soc_flash_nrf.c.obj)
 .text.nrf_flash_init
                0x0000000000004934       0x28 zephyr/drivers/flash/libdrivers__flash.a(soc_flash_nrf.c.obj)
 .text.restore_pofwarn.part.0
                0x000000000000495c       0x2c zephyr/drivers/flash/libdrivers__flash.a(soc_flash_nrf.c.obj)
 .text.suspend_pofwarn
                0x0000000000004988       0x58 zephyr/drivers/flash/libdrivers__flash.a(soc_flash_nrf.c.obj)
 .text.flash_nrf_erase
                0x00000000000049e0       0x88 zephyr/drivers/flash/libdrivers__flash.a(soc_flash_nrf.c.obj)
 .text.flash_nrf_write
                0x0000000000004a68       0x8c zephyr/drivers/flash/libdrivers__flash.a(soc_flash_nrf.c.obj)
 .text.gpio_nrfx_pin_interrupt_configure
                0x0000000000004af4      0x11c zephyr/drivers/gpio/libdrivers__gpio.a(gpio_nrfx.c.obj)
 .text.nrfx_gpio_handler
                0x0000000000004c10       0x4c zephyr/drivers/gpio/libdrivers__gpio.a(gpio_nrfx.c.obj)
 .text.gpio_nrfx_init
                0x0000000000004c5c       0x48 zephyr/drivers/gpio/libdrivers__gpio.a(gpio_nrfx.c.obj)
 .text.gpio_nrfx_pin_configure
                0x0000000000004ca4      0x18c zephyr/drivers/gpio/libdrivers__gpio.a(gpio_nrfx.c.obj)
 .text.nrf_gpio_pin_port_decode
                0x0000000000004e30       0x20 zephyr/drivers/pinctrl/libdrivers__pinctrl.a(pinctrl_nrf.c.obj)
 .text.pinctrl_configure_pins
                0x0000000000004e50      0x1a4 zephyr/drivers/pinctrl/libdrivers__pinctrl.a(pinctrl_nrf.c.obj)
                0x0000000000004e50                pinctrl_configure_pins
 .text.uarte_nrfx_poll_out
                0x0000000000004ff4       0xb4 zephyr/drivers/serial/libdrivers__serial.a(uart_nrfx_uarte.c.obj)
 .text.uarte_0_init
                0x00000000000050a8      0x108 zephyr/drivers/serial/libdrivers__serial.a(uart_nrfx_uarte.c.obj)
 .text.compare_int_lock
                0x00000000000051b0       0x48 zephyr/drivers/timer/libdrivers__timer.a(nrf_rtc_timer.c.obj)
 .text.sys_clock_timeout_handler
                0x00000000000051f8       0x48 zephyr/drivers/timer/libdrivers__timer.a(nrf_rtc_timer.c.obj)
 .text.compare_int_unlock
                0x0000000000005240       0x5c zephyr/drivers/timer/libdrivers__timer.a(nrf_rtc_timer.c.obj)
 .text.z_nrf_rtc_timer_read
                0x000000000000529c       0x44 zephyr/drivers/timer/libdrivers__timer.a(nrf_rtc_timer.c.obj)
                0x000000000000529c                z_nrf_rtc_timer_read
 .text.compare_set
                0x00000000000052e0      0x130 zephyr/drivers/timer/libdrivers__timer.a(nrf_rtc_timer.c.obj)
 .text.sys_clock_driver_init
                0x0000000000005410       0x90 zephyr/drivers/timer/libdrivers__timer.a(nrf_rtc_timer.c.obj)
 .text.rtc_nrf_isr
                0x00000000000054a0       0xd4 zephyr/drivers/timer/libdrivers__timer.a(nrf_rtc_timer.c.obj)
                0x00000000000054a0                rtc_nrf_isr
 .text.sys_clock_set_timeout
                0x0000000000005574       0x5c zephyr/drivers/timer/libdrivers__timer.a(nrf_rtc_timer.c.obj)
                0x0000000000005574                sys_clock_set_timeout
 .text.sys_clock_elapsed
                0x00000000000055d0       0x14 zephyr/drivers/timer/libdrivers__timer.a(nrf_rtc_timer.c.obj)
                0x00000000000055d0                sys_clock_elapsed
 .text.sys_clock_disable
                0x00000000000055e4       0x30 zephyr/drivers/timer/libdrivers__timer.a(nrf_rtc_timer.c.obj)
                0x00000000000055e4                sys_clock_disable
 .text.find_free_region
                0x0000000000005614       0x3c modules/nrf/lib/fprotect/lib..__nrf__lib__fprotect.a(fprotect_acl.c.obj)
 .text.boot_write_magic
                0x0000000000005650       0x44 modules/mcuboot/boot/bootutil/zephyr/libmcuboot_util.a(bootutil_public.c.obj)
                0x0000000000005650                boot_write_magic
 .text.boot_read_swap_state
                0x0000000000005694       0xac modules/mcuboot/boot/bootutil/zephyr/libmcuboot_util.a(bootutil_public.c.obj)
                0x0000000000005694                boot_read_swap_state
 .text.boot_swap_type_multi
                0x0000000000005740      0x100 modules/mcuboot/boot/bootutil/zephyr/libmcuboot_util.a(bootutil_public.c.obj)
                0x0000000000005740                boot_swap_type_multi
 .text.nrf52_errata_98
                0x0000000000005840       0x24 modules/hal_nordic/modules/hal_nordic/nrfx/libmodules__hal_nordic__nrfx.a(system_nrf52840.c.obj)
 .text.nvmc_wait
                0x0000000000005864       0x10 modules/hal_nordic/modules/hal_nordic/nrfx/libmodules__hal_nordic__nrfx.a(system_nrf52840.c.obj)
                0x0000000000005864                nvmc_wait
 .text.SystemInit
                0x0000000000005874      0x1d8 modules/hal_nordic/modules/hal_nordic/nrfx/libmodules__hal_nordic__nrfx.a(system_nrf52840.c.obj)
                0x0000000000005874                SystemInit
 .text.nrfx_flag32_alloc
                0x0000000000005a4c       0x48 modules/hal_nordic/modules/hal_nordic/nrfx/libmodules__hal_nordic__nrfx.a(nrfx_flag32_allocator.c.obj)
                0x0000000000005a4c                nrfx_flag32_alloc
 .text.nrfx_flag32_free
                0x0000000000005a94       0x40 modules/hal_nordic/modules/hal_nordic/nrfx/libmodules__hal_nordic__nrfx.a(nrfx_flag32_allocator.c.obj)
                0x0000000000005a94                nrfx_flag32_free
 .text.nrfx_gppi_channels_enable
                0x0000000000005ad4        0xc modules/hal_nordic/modules/hal_nordic/nrfx/libmodules__hal_nordic__nrfx.a(nrfx_gppi_ppi.c.obj)
                0x0000000000005ad4                nrfx_gppi_channels_enable
 .text.clock_stop
                0x0000000000005ae0       0xc4 modules/hal_nordic/modules/hal_nordic/nrfx/libmodules__hal_nordic__nrfx.a(nrfx_clock.c.obj)
 .text.nrfx_clock_init
                0x0000000000005ba4       0x20 modules/hal_nordic/modules/hal_nordic/nrfx/libmodules__hal_nordic__nrfx.a(nrfx_clock.c.obj)
                0x0000000000005ba4                nrfx_clock_init
 .text.nrfx_clock_enable
                0x0000000000005bc4       0x30 modules/hal_nordic/modules/hal_nordic/nrfx/libmodules__hal_nordic__nrfx.a(nrfx_clock.c.obj)
                0x0000000000005bc4                nrfx_clock_enable
 .text.nrfx_clock_start
                0x0000000000005bf4       0xa8 modules/hal_nordic/modules/hal_nordic/nrfx/libmodules__hal_nordic__nrfx.a(nrfx_clock.c.obj)
                0x0000000000005bf4                nrfx_clock_start
 .text.nrfx_clock_irq_handler
                0x0000000000005c9c       0x7c modules/hal_nordic/modules/hal_nordic/nrfx/libmodules__hal_nordic__nrfx.a(nrfx_clock.c.obj)
                0x0000000000005c9c                nrfx_clock_irq_handler
 .text.nrf_gpio_pin_port_decode
                0x0000000000005d18       0x20 modules/hal_nordic/modules/hal_nordic/nrfx/libmodules__hal_nordic__nrfx.a(nrfx_gpiote.c.obj)
 .text.get_pin_idx
                0x0000000000005d38       0x14 modules/hal_nordic/modules/hal_nordic/nrfx/libmodules__hal_nordic__nrfx.a(nrfx_gpiote.c.obj)
 .text.call_handler.constprop.0
                0x0000000000005d4c       0x40 modules/hal_nordic/modules/hal_nordic/nrfx/libmodules__hal_nordic__nrfx.a(nrfx_gpiote.c.obj)
 .text.pin_te_get.constprop.0
                0x0000000000005d8c       0x18 modules/hal_nordic/modules/hal_nordic/nrfx/libmodules__hal_nordic__nrfx.a(nrfx_gpiote.c.obj)
 .text.pin_is_output.constprop.0
                0x0000000000005da4       0x18 modules/hal_nordic/modules/hal_nordic/nrfx/libmodules__hal_nordic__nrfx.a(nrfx_gpiote.c.obj)
 .text.pin_in_use_by_te.constprop.0
                0x0000000000005dbc       0x18 modules/hal_nordic/modules/hal_nordic/nrfx/libmodules__hal_nordic__nrfx.a(nrfx_gpiote.c.obj)
 .text.latch_pending_read_and_check
                0x0000000000005dd4       0x40 modules/hal_nordic/modules/hal_nordic/nrfx/libmodules__hal_nordic__nrfx.a(nrfx_gpiote.c.obj)
 .text.release_handler.isra.0
                0x0000000000005e14       0x58 modules/hal_nordic/modules/hal_nordic/nrfx/libmodules__hal_nordic__nrfx.a(nrfx_gpiote.c.obj)
 .text.__nrfy_internal_gpiote_events_process.constprop.0
                0x0000000000005e6c       0x5c modules/hal_nordic/modules/hal_nordic/nrfx/libmodules__hal_nordic__nrfx.a(nrfx_gpiote.c.obj)
 .text.pin_uninit
                0x0000000000005ec8       0x80 modules/hal_nordic/modules/hal_nordic/nrfx/libmodules__hal_nordic__nrfx.a(nrfx_gpiote.c.obj)
 .text.nrfx_gpiote_input_configure
                0x0000000000005f48      0x178 modules/hal_nordic/modules/hal_nordic/nrfx/libmodules__hal_nordic__nrfx.a(nrfx_gpiote.c.obj)
                0x0000000000005f48                nrfx_gpiote_input_configure
 .text.nrfx_gpiote_output_configure
                0x00000000000060c0       0xfc modules/hal_nordic/modules/hal_nordic/nrfx/libmodules__hal_nordic__nrfx.a(nrfx_gpiote.c.obj)
                0x00000000000060c0                nrfx_gpiote_output_configure
 .text.nrfx_gpiote_global_callback_set
                0x00000000000061bc        0xc modules/hal_nordic/modules/hal_nordic/nrfx/libmodules__hal_nordic__nrfx.a(nrfx_gpiote.c.obj)
                0x00000000000061bc                nrfx_gpiote_global_callback_set
 .text.nrfx_gpiote_channel_get
                0x00000000000061c8       0x34 modules/hal_nordic/modules/hal_nordic/nrfx/libmodules__hal_nordic__nrfx.a(nrfx_gpiote.c.obj)
                0x00000000000061c8                nrfx_gpiote_channel_get
 .text.nrfx_gpiote_init
                0x00000000000061fc       0x48 modules/hal_nordic/modules/hal_nordic/nrfx/libmodules__hal_nordic__nrfx.a(nrfx_gpiote.c.obj)
                0x00000000000061fc                nrfx_gpiote_init
 .text.nrfx_gpiote_init_check
                0x0000000000006244       0x14 modules/hal_nordic/modules/hal_nordic/nrfx/libmodules__hal_nordic__nrfx.a(nrfx_gpiote.c.obj)
                0x0000000000006244                nrfx_gpiote_init_check
 .text.nrfx_gpiote_channel_free
                0x0000000000006258       0x10 modules/hal_nordic/modules/hal_nordic/nrfx/libmodules__hal_nordic__nrfx.a(nrfx_gpiote.c.obj)
                0x0000000000006258                nrfx_gpiote_channel_free
 .text.nrfx_gpiote_channel_alloc
                0x0000000000006268       0x10 modules/hal_nordic/modules/hal_nordic/nrfx/libmodules__hal_nordic__nrfx.a(nrfx_gpiote.c.obj)
                0x0000000000006268                nrfx_gpiote_channel_alloc
 .text.nrfx_gpiote_trigger_enable
                0x0000000000006278       0xa8 modules/hal_nordic/modules/hal_nordic/nrfx/libmodules__hal_nordic__nrfx.a(nrfx_gpiote.c.obj)
                0x0000000000006278                nrfx_gpiote_trigger_enable
 .text.nrfx_gpiote_0_irq_handler
                0x0000000000006320      0x1b0 modules/hal_nordic/modules/hal_nordic/nrfx/libmodules__hal_nordic__nrfx.a(nrfx_gpiote.c.obj)
                0x0000000000006320                nrfx_gpiote_0_irq_handler
 .text.nvmc_word_write
                0x00000000000064d0       0x18 modules/hal_nordic/modules/hal_nordic/nrfx/libmodules__hal_nordic__nrfx.a(nrfx_nvmc.c.obj)
 .text.nrfx_nvmc_page_erase
                0x00000000000064e8       0x40 modules/hal_nordic/modules/hal_nordic/nrfx/libmodules__hal_nordic__nrfx.a(nrfx_nvmc.c.obj)
                0x00000000000064e8                nrfx_nvmc_page_erase
 .text.nrfx_nvmc_word_write
                0x0000000000006528       0x1c modules/hal_nordic/modules/hal_nordic/nrfx/libmodules__hal_nordic__nrfx.a(nrfx_nvmc.c.obj)
                0x0000000000006528                nrfx_nvmc_word_write
 .text.nrfx_power_init
                0x0000000000006544       0x74 modules/hal_nordic/modules/hal_nordic/nrfx/libmodules__hal_nordic__nrfx.a(nrfx_power.c.obj)
                0x0000000000006544                nrfx_power_init
 .text.nrfx_power_usbevt_uninit
                0x00000000000065b8       0x18 modules/hal_nordic/modules/hal_nordic/nrfx/libmodules__hal_nordic__nrfx.a(nrfx_power.c.obj)
                0x00000000000065b8                nrfx_power_usbevt_uninit
 .text.nrfx_power_usbevt_init
                0x00000000000065d0       0x14 modules/hal_nordic/modules/hal_nordic/nrfx/libmodules__hal_nordic__nrfx.a(nrfx_power.c.obj)
                0x00000000000065d0                nrfx_power_usbevt_init
 .text.nrfx_power_irq_handler
                0x00000000000065e4       0xa0 modules/hal_nordic/modules/hal_nordic/nrfx/libmodules__hal_nordic__nrfx.a(nrfx_power.c.obj)
                0x00000000000065e4                nrfx_power_irq_handler
 .text.nrfx_ppi_channel_alloc
                0x0000000000006684        0xc modules/hal_nordic/modules/hal_nordic/nrfx/libmodules__hal_nordic__nrfx.a(nrfx_ppi.c.obj)
                0x0000000000006684                nrfx_ppi_channel_alloc
 .text.qspi_ready_wait
                0x0000000000006690       0x54 modules/hal_nordic/modules/hal_nordic/nrfx/libmodules__hal_nordic__nrfx.a(nrfx_qspi.c.obj)
 .text.qspi_activate
                0x00000000000066e4       0x34 modules/hal_nordic/modules/hal_nordic/nrfx/libmodules__hal_nordic__nrfx.a(nrfx_qspi.c.obj)
 .text.qspi_xfer
                0x0000000000006718       0xe8 modules/hal_nordic/modules/hal_nordic/nrfx/libmodules__hal_nordic__nrfx.a(nrfx_qspi.c.obj)
 .text.qspi_event_xfer_handle.constprop.0
                0x0000000000006800       0x28 modules/hal_nordic/modules/hal_nordic/nrfx/libmodules__hal_nordic__nrfx.a(nrfx_qspi.c.obj)
 .text.nrf_gpio_cfg.constprop.0
                0x0000000000006828       0x44 modules/hal_nordic/modules/hal_nordic/nrfx/libmodules__hal_nordic__nrfx.a(nrfx_qspi.c.obj)
 .text.nrf_qspi_cinstrdata_get.constprop.0
                0x000000000000686c       0x40 modules/hal_nordic/modules/hal_nordic/nrfx/libmodules__hal_nordic__nrfx.a(nrfx_qspi.c.obj)
 .text.nrf_qspi_cinstrdata_set.constprop.0
                0x00000000000068ac       0x64 modules/hal_nordic/modules/hal_nordic/nrfx/libmodules__hal_nordic__nrfx.a(nrfx_qspi.c.obj)
 .text.nrf_qspi_pins_set.constprop.0
                0x0000000000006910       0x5c modules/hal_nordic/modules/hal_nordic/nrfx/libmodules__hal_nordic__nrfx.a(nrfx_qspi.c.obj)
 .text.qspi_deactivate
                0x000000000000696c       0x34 modules/hal_nordic/modules/hal_nordic/nrfx/libmodules__hal_nordic__nrfx.a(nrfx_qspi.c.obj)
 .text.qspi_workaround_215_43_apply
                0x00000000000069a0       0x70 modules/hal_nordic/modules/hal_nordic/nrfx/libmodules__hal_nordic__nrfx.a(nrfx_qspi.c.obj)
 .text.qspi_configure
                0x0000000000006a10       0xec modules/hal_nordic/modules/hal_nordic/nrfx/libmodules__hal_nordic__nrfx.a(nrfx_qspi.c.obj)
 .text.nrfx_qspi_init
                0x0000000000006afc       0x40 modules/hal_nordic/modules/hal_nordic/nrfx/libmodules__hal_nordic__nrfx.a(nrfx_qspi.c.obj)
                0x0000000000006afc                nrfx_qspi_init
 .text.nrfx_qspi_cinstr_xfer
                0x0000000000006b3c       0xac modules/hal_nordic/modules/hal_nordic/nrfx/libmodules__hal_nordic__nrfx.a(nrfx_qspi.c.obj)
                0x0000000000006b3c                nrfx_qspi_cinstr_xfer
 .text.nrfx_qspi_activate
                0x0000000000006be8       0x18 modules/hal_nordic/modules/hal_nordic/nrfx/libmodules__hal_nordic__nrfx.a(nrfx_qspi.c.obj)
                0x0000000000006be8                nrfx_qspi_activate
 .text.nrfx_qspi_deactivate
                0x0000000000006c00       0x24 modules/hal_nordic/modules/hal_nordic/nrfx/libmodules__hal_nordic__nrfx.a(nrfx_qspi.c.obj)
                0x0000000000006c00                nrfx_qspi_deactivate
 .text.nrfx_qspi_init_check
                0x0000000000006c24       0x14 modules/hal_nordic/modules/hal_nordic/nrfx/libmodules__hal_nordic__nrfx.a(nrfx_qspi.c.obj)
                0x0000000000006c24                nrfx_qspi_init_check
 .text.nrfx_qspi_erase
                0x0000000000006c38       0x9c modules/hal_nordic/modules/hal_nordic/nrfx/libmodules__hal_nordic__nrfx.a(nrfx_qspi.c.obj)
                0x0000000000006c38                nrfx_qspi_erase
 .text.nrfx_qspi_irq_handler
                0x0000000000006cd4       0x94 modules/hal_nordic/modules/hal_nordic/nrfx/libmodules__hal_nordic__nrfx.a(nrfx_qspi.c.obj)
                0x0000000000006cd4                nrfx_qspi_irq_handler
 .text.z_fatal_error
                0x0000000000006d68       0x30 zephyr/kernel/libkernel.a(fatal.c.obj)
                0x0000000000006d68                z_fatal_error
 .text.z_sys_init_run_level
                0x0000000000006d98       0x30 zephyr/kernel/libkernel.a(init.c.obj)
 .text.bg_thread_main
                0x0000000000006dc8       0xc0 zephyr/kernel/libkernel.a(init.c.obj)
 .text.z_bss_zero
                0x0000000000006e88       0x18 zephyr/kernel/libkernel.a(init.c.obj)
                0x0000000000006e88                z_bss_zero
 .text.z_init_cpu
                0x0000000000006ea0       0x6c zephyr/kernel/libkernel.a(init.c.obj)
                0x0000000000006ea0                z_init_cpu
 .text.z_cstart
                0x0000000000006f0c       0xd0 zephyr/kernel/libkernel.a(init.c.obj)
                0x0000000000006f0c                z_cstart
 .text.init_mem_slab_obj_core_list
                0x0000000000006fdc       0x24 zephyr/kernel/libkernel.a(mem_slab.c.obj)
 .text.k_mem_slab_alloc
                0x0000000000007000       0x5c zephyr/kernel/libkernel.a(mem_slab.c.obj)
                0x0000000000007000                k_mem_slab_alloc
 .text.z_impl_k_mutex_lock
                0x000000000000705c       0xf0 zephyr/kernel/libkernel.a(mutex.c.obj)
                0x000000000000705c                z_impl_k_mutex_lock
 .text.z_impl_k_mutex_unlock
                0x000000000000714c       0xa0 zephyr/kernel/libkernel.a(mutex.c.obj)
                0x000000000000714c                z_impl_k_mutex_unlock
 .text.z_impl_k_queue_get
                0x00000000000071ec       0x64 zephyr/kernel/libkernel.a(queue.c.obj)
                0x00000000000071ec                z_impl_k_queue_get
 .text.z_impl_k_sem_give
                0x0000000000007250       0x68 zephyr/kernel/libkernel.a(sem.c.obj)
                0x0000000000007250                z_impl_k_sem_give
 .text.z_impl_k_sem_take
                0x00000000000072b8       0x4c zephyr/kernel/libkernel.a(sem.c.obj)
                0x00000000000072b8                z_impl_k_sem_take
 .text.work_queue_main
                0x0000000000007304      0x14c zephyr/kernel/libkernel.a(work.c.obj)
 .text.submit_to_queue_locked
                0x0000000000007450       0xb8 zephyr/kernel/libkernel.a(work.c.obj)
 .text.k_work_queue_start
                0x0000000000007508       0x80 zephyr/kernel/libkernel.a(work.c.obj)
                0x0000000000007508                k_work_queue_start
 .text.k_work_schedule_for_queue
                0x0000000000007588       0x54 zephyr/kernel/libkernel.a(work.c.obj)
                0x0000000000007588                k_work_schedule_for_queue
 .text.z_setup_new_thread
                0x00000000000075dc       0x98 zephyr/kernel/libkernel.a(thread.c.obj)
                0x00000000000075dc                z_setup_new_thread
 .text.z_impl_k_thread_create
                0x0000000000007674       0x58 zephyr/kernel/libkernel.a(thread.c.obj)
                0x0000000000007674                z_impl_k_thread_create
 .text.z_dummy_thread_init
                0x00000000000076cc       0x18 zephyr/kernel/libkernel.a(thread.c.obj)
                0x00000000000076cc                z_dummy_thread_init
 .text.z_swap_irqlock
                0x00000000000076e4       0x30 zephyr/kernel/libkernel.a(sched.c.obj)
 .text.ready_thread
                0x0000000000007714       0x84 zephyr/kernel/libkernel.a(sched.c.obj)
 .text.unready_thread
                0x0000000000007798       0x54 zephyr/kernel/libkernel.a(sched.c.obj)
 .text.add_thread_timeout
                0x00000000000077ec       0x1c zephyr/kernel/libkernel.a(sched.c.obj)
 .text.move_thread_to_end_of_prio_q
                0x0000000000007808       0x90 zephyr/kernel/libkernel.a(sched.c.obj)
                0x0000000000007808                move_thread_to_end_of_prio_q
 .text.z_pend_curr
                0x0000000000007898       0x44 zephyr/kernel/libkernel.a(sched.c.obj)
                0x0000000000007898                z_pend_curr
 .text.z_thread_prio_set
                0x00000000000078dc       0xe4 zephyr/kernel/libkernel.a(sched.c.obj)
                0x00000000000078dc                z_thread_prio_set
 .text.z_reschedule
                0x00000000000079c0       0x24 zephyr/kernel/libkernel.a(sched.c.obj)
                0x00000000000079c0                z_reschedule
 .text.z_reschedule_irqlock
                0x00000000000079e4       0x28 zephyr/kernel/libkernel.a(sched.c.obj)
                0x00000000000079e4                z_reschedule_irqlock
 .text.k_sched_lock
                0x0000000000007a0c       0x28 zephyr/kernel/libkernel.a(sched.c.obj)
                0x0000000000007a0c                k_sched_lock
 .text.k_sched_unlock
                0x0000000000007a34       0x68 zephyr/kernel/libkernel.a(sched.c.obj)
                0x0000000000007a34                k_sched_unlock
 .text.z_sched_init
                0x0000000000007a9c       0x10 zephyr/kernel/libkernel.a(sched.c.obj)
                0x0000000000007a9c                z_sched_init
 .text.z_impl_k_yield
                0x0000000000007aac       0x88 zephyr/kernel/libkernel.a(sched.c.obj)
                0x0000000000007aac                z_impl_k_yield
 .text.z_tick_sleep
                0x0000000000007b34       0x78 zephyr/kernel/libkernel.a(sched.c.obj)
 .text.z_impl_k_wakeup
                0x0000000000007bac       0x48 zephyr/kernel/libkernel.a(sched.c.obj)
                0x0000000000007bac                z_impl_k_wakeup
 .text.z_impl_k_sched_current_thread_query
                0x0000000000007bf4        0xc zephyr/kernel/libkernel.a(sched.c.obj)
                0x0000000000007bf4                z_impl_k_sched_current_thread_query
 .text.z_thread_abort
                0x0000000000007c00      0x140 zephyr/kernel/libkernel.a(sched.c.obj)
                0x0000000000007c00                z_thread_abort
 .text.z_sched_wait
                0x0000000000007d40       0x24 zephyr/kernel/libkernel.a(sched.c.obj)
                0x0000000000007d40                z_sched_wait
 .text.slice_timeout
                0x0000000000007d64       0x20 zephyr/kernel/libkernel.a(timeslicing.c.obj)
 .text.thread_is_sliceable
                0x0000000000007d84       0x3c zephyr/kernel/libkernel.a(timeslicing.c.obj)
                0x0000000000007d84                thread_is_sliceable
 .text.z_reset_time_slice
                0x0000000000007dc0       0x50 zephyr/kernel/libkernel.a(timeslicing.c.obj)
                0x0000000000007dc0                z_reset_time_slice
 .text.z_time_slice
                0x0000000000007e10       0x60 zephyr/kernel/libkernel.a(timeslicing.c.obj)
                0x0000000000007e10                z_time_slice
 .text.z_data_copy
                0x0000000000007e70       0x38 zephyr/kernel/libkernel.a(xip.c.obj)
                0x0000000000007e70                z_data_copy
 .text.first    0x0000000000007ea8       0x10 zephyr/kernel/libkernel.a(timeout.c.obj)
 .text.elapsed  0x0000000000007eb8       0x14 zephyr/kernel/libkernel.a(timeout.c.obj)
 .text.remove_timeout
                0x0000000000007ecc       0x38 zephyr/kernel/libkernel.a(timeout.c.obj)
 .text.z_add_timeout
                0x0000000000007f04      0x124 zephyr/kernel/libkernel.a(timeout.c.obj)
                0x0000000000007f04                z_add_timeout
 .text.sys_clock_announce
                0x0000000000008028       0xb4 zephyr/kernel/libkernel.a(timeout.c.obj)
                0x0000000000008028                sys_clock_announce
 .text.sys_clock_tick_get
                0x00000000000080dc       0x30 zephyr/kernel/libkernel.a(timeout.c.obj)
                0x00000000000080dc                sys_clock_tick_get
 .text.z_thread_alloc_helper
                0x000000000000810c       0x4c zephyr/kernel/libkernel.a(mempool.c.obj)
 .text.z_thread_malloc
                0x0000000000008158       0x10 zephyr/kernel/libkernel.a(mempool.c.obj)
                0x0000000000008158                z_thread_malloc
 .text.statics_init
                0x0000000000008168       0x24 zephyr/kernel/libkernel.a(kheap.c.obj)
 .text.k_sys_work_q_init
                0x000000000000818c       0x2c zephyr/kernel/libkernel.a(system_work_q.c.obj)
 .text.nrf_cc3xx_platform_init_no_rng
                0x00000000000081b8       0x38 C:/Users/Brian/pouch-node-ws/nrfxlib/crypto/nrf_cc310_platform/lib/cortex-m4/hard-float/no-interrupts/libnrf_cc310_platform_0.9.19.a(nrf_cc3xx_platform.c.obj)
                0x00000000000081b8                nrf_cc3xx_platform_init_no_rng
 .text.nrf_cc3xx_platform_abort
                0x00000000000081f0       0x24 C:/Users/Brian/pouch-node-ws/nrfxlib/crypto/nrf_cc310_platform/lib/cortex-m4/hard-float/no-interrupts/libnrf_cc310_platform_0.9.19.a(nrf_cc3xx_platform_abort.c.obj)
 .text.CC_PalAbort
                0x0000000000008214       0x38 C:/Users/Brian/pouch-node-ws/nrfxlib/crypto/nrf_cc310_platform/lib/cortex-m4/hard-float/no-interrupts/libnrf_cc310_platform_0.9.19.a(nrf_cc3xx_platform_abort.c.obj)
                0x0000000000008214                CC_PalAbort
 .text.nrf_cc3xx_platform_set_abort
                0x000000000000824c       0x10 C:/Users/Brian/pouch-node-ws/nrfxlib/crypto/nrf_cc310_platform/lib/cortex-m4/hard-float/no-interrupts/libnrf_cc310_platform_0.9.19.a(nrf_cc3xx_platform_abort.c.obj)
                0x000000000000824c                nrf_cc3xx_platform_set_abort
 .text.mutex_free
                0x000000000000825c       0x34 C:/Users/Brian/pouch-node-ws/nrfxlib/crypto/nrf_cc310_platform/lib/cortex-m4/hard-float/no-interrupts/libnrf_cc310_platform_0.9.19.a(nrf_cc3xx_platform_mutex.c.obj)
 .text.mutex_lock
                0x0000000000008290       0x48 C:/Users/Brian/pouch-node-ws/nrfxlib/crypto/nrf_cc310_platform/lib/cortex-m4/hard-float/no-interrupts/libnrf_cc310_platform_0.9.19.a(nrf_cc3xx_platform_mutex.c.obj)
 .text.mutex_unlock
                0x00000000000082d8       0x38 C:/Users/Brian/pouch-node-ws/nrfxlib/crypto/nrf_cc310_platform/lib/cortex-m4/hard-float/no-interrupts/libnrf_cc310_platform_0.9.19.a(nrf_cc3xx_platform_mutex.c.obj)
 .text.mutex_init
                0x0000000000008310       0x20 C:/Users/Brian/pouch-node-ws/nrfxlib/crypto/nrf_cc310_platform/lib/cortex-m4/hard-float/no-interrupts/libnrf_cc310_platform_0.9.19.a(nrf_cc3xx_platform_mutex.c.obj)
 .text.nrf_cc3xx_platform_set_mutexes
                0x0000000000008330       0x6c C:/Users/Brian/pouch-node-ws/nrfxlib/crypto/nrf_cc310_platform/lib/cortex-m4/hard-float/no-interrupts/libnrf_cc310_platform_0.9.19.a(nrf_cc3xx_platform_mutex.c.obj)
                0x0000000000008330                nrf_cc3xx_platform_set_mutexes
 .text.CC_LibInitNoRng
                0x000000000000839c       0x64 C:/Users/Brian/pouch-node-ws/nrfxlib/crypto/nrf_cc310_platform/lib/cortex-m4/hard-float/no-interrupts/libnrf_cc310_platform_0.9.19.a(cc_lib.c.obj)
                0x000000000000839c                CC_LibInitNoRng
 .text.CC_HalInit
                0x0000000000008400        0x4 C:/Users/Brian/pouch-node-ws/nrfxlib/crypto/nrf_cc310_platform/lib/cortex-m4/hard-float/no-interrupts/libnrf_cc310_platform_0.9.19.a(cc_hal.c.obj)
                0x0000000000008400                CC_HalInit
 .text.CC_HalTerminate
                0x0000000000008404        0x4 C:/Users/Brian/pouch-node-ws/nrfxlib/crypto/nrf_cc310_platform/lib/cortex-m4/hard-float/no-interrupts/libnrf_cc310_platform_0.9.19.a(cc_hal.c.obj)
                0x0000000000008404                CC_HalTerminate
 .text.CC_HalMaskInterrupt
                0x0000000000008408        0xc C:/Users/Brian/pouch-node-ws/nrfxlib/crypto/nrf_cc310_platform/lib/cortex-m4/hard-float/no-interrupts/libnrf_cc310_platform_0.9.19.a(cc_hal.c.obj)
                0x0000000000008408                CC_HalMaskInterrupt
 .text.CC_PalInit
                0x0000000000008414       0x5c C:/Users/Brian/pouch-node-ws/nrfxlib/crypto/nrf_cc310_platform/lib/cortex-m4/hard-float/no-interrupts/libnrf_cc310_platform_0.9.19.a(cc_pal.c.obj)
                0x0000000000008414                CC_PalInit
 .text.CC_PalTerminate
                0x0000000000008470       0x34 C:/Users/Brian/pouch-node-ws/nrfxlib/crypto/nrf_cc310_platform/lib/cortex-m4/hard-float/no-interrupts/libnrf_cc310_platform_0.9.19.a(cc_pal.c.obj)
                0x0000000000008470                CC_PalTerminate
 .text.CC_PalDmaInit
                0x00000000000084a4        0x4 C:/Users/Brian/pouch-node-ws/nrfxlib/crypto/nrf_cc310_platform/lib/cortex-m4/hard-float/no-interrupts/libnrf_cc310_platform_0.9.19.a(cc_pal_dma.c.obj)
                0x00000000000084a4                CC_PalDmaInit
 .text.CC_PalDmaTerminate
                0x00000000000084a8        0x4 C:/Users/Brian/pouch-node-ws/nrfxlib/crypto/nrf_cc310_platform/lib/cortex-m4/hard-float/no-interrupts/libnrf_cc310_platform_0.9.19.a(cc_pal_dma.c.obj)
                0x00000000000084a8                CC_PalDmaTerminate
 .text.CC_PalMutexCreate
                0x00000000000084ac       0x14 C:/Users/Brian/pouch-node-ws/nrfxlib/crypto/nrf_cc310_platform/lib/cortex-m4/hard-float/no-interrupts/libnrf_cc310_platform_0.9.19.a(cc_pal_mutex.c.obj)
                0x00000000000084ac                CC_PalMutexCreate
 .text.CC_PalMutexDestroy
                0x00000000000084c0       0x14 C:/Users/Brian/pouch-node-ws/nrfxlib/crypto/nrf_cc310_platform/lib/cortex-m4/hard-float/no-interrupts/libnrf_cc310_platform_0.9.19.a(cc_pal_mutex.c.obj)
                0x00000000000084c0                CC_PalMutexDestroy
 .text.CC_PalPowerSaveModeInit
                0x00000000000084d4       0x3c C:/Users/Brian/pouch-node-ws/nrfxlib/crypto/nrf_cc310_platform/lib/cortex-m4/hard-float/no-interrupts/libnrf_cc310_platform_0.9.19.a(cc_pal_pm.c.obj)
                0x00000000000084d4                CC_PalPowerSaveModeInit
 .text.CC_PalPowerSaveModeSelect
                0x0000000000008510       0x84 C:/Users/Brian/pouch-node-ws/nrfxlib/crypto/nrf_cc310_platform/lib/cortex-m4/hard-float/no-interrupts/libnrf_cc310_platform_0.9.19.a(cc_pal_pm.c.obj)
                0x0000000000008510                CC_PalPowerSaveModeSelect
 .text.verify_context_ecdsa_verify_secp256r1
                0x0000000000008594       0x20 C:/Users/Brian/pouch-node-ws/nrfxlib/crypto/nrf_cc310_bl/lib/cortex-m4/hard-float/no-interrupts/libnrf_cc310_bl_0.9.12.a(nrf_cc310_bl_ecdsa_verify_secp256r1.c.obj)
 .text.nrf_cc310_bl_ecdsa_verify_init_secp256r1
                0x00000000000085b4       0x4c C:/Users/Brian/pouch-node-ws/nrfxlib/crypto/nrf_cc310_bl/lib/cortex-m4/hard-float/no-interrupts/libnrf_cc310_bl_0.9.12.a(nrf_cc310_bl_ecdsa_verify_secp256r1.c.obj)
                0x00000000000085b4                nrf_cc310_bl_ecdsa_verify_init_secp256r1
 .text.nrf_cc310_bl_ecdsa_verify_hash_secp256r1
                0x0000000000008600      0x168 C:/Users/Brian/pouch-node-ws/nrfxlib/crypto/nrf_cc310_bl/lib/cortex-m4/hard-float/no-interrupts/libnrf_cc310_bl_0.9.12.a(nrf_cc310_bl_ecdsa_verify_secp256r1.c.obj)
                0x0000000000008600                nrf_cc310_bl_ecdsa_verify_hash_secp256r1
 .text.set_digest_in_hw_sha256
                0x0000000000008768       0x38 C:/Users/Brian/pouch-node-ws/nrfxlib/crypto/nrf_cc310_bl/lib/cortex-m4/hard-float/no-interrupts/libnrf_cc310_bl_0.9.12.a(nrf_cc310_bl_hash_sha256.c.obj)
 .text.read_digest_in_hw_sha256
                0x00000000000087a0       0x54 C:/Users/Brian/pouch-node-ws/nrfxlib/crypto/nrf_cc310_bl/lib/cortex-m4/hard-float/no-interrupts/libnrf_cc310_bl_0.9.12.a(nrf_cc310_bl_hash_sha256.c.obj)
 .text.verify_context_hash_sha256
                0x00000000000087f4       0x20 C:/Users/Brian/pouch-node-ws/nrfxlib/crypto/nrf_cc310_bl/lib/cortex-m4/hard-float/no-interrupts/libnrf_cc310_bl_0.9.12.a(nrf_cc310_bl_hash_sha256.c.obj)
 .text.nrf_cc310_bl_hash_sha256_init
                0x0000000000008814       0x34 C:/Users/Brian/pouch-node-ws/nrfxlib/crypto/nrf_cc310_bl/lib/cortex-m4/hard-float/no-interrupts/libnrf_cc310_bl_0.9.12.a(nrf_cc310_bl_hash_sha256.c.obj)
                0x0000000000008814                nrf_cc310_bl_hash_sha256_init
 .text.nrf_cc310_bl_hash_sha256_update
                0x0000000000008848       0xb0 C:/Users/Brian/pouch-node-ws/nrfxlib/crypto/nrf_cc310_bl/lib/cortex-m4/hard-float/no-interrupts/libnrf_cc310_bl_0.9.12.a(nrf_cc310_bl_hash_sha256.c.obj)
                0x0000000000008848                nrf_cc310_bl_hash_sha256_update
 .text.nrf_cc310_bl_hash_sha256_finalize
                0x00000000000088f8       0x60 C:/Users/Brian/pouch-node-ws/nrfxlib/crypto/nrf_cc310_bl/lib/cortex-m4/hard-float/no-interrupts/libnrf_cc310_bl_0.9.12.a(nrf_cc310_bl_hash_sha256.c.obj)
                0x00000000000088f8                nrf_cc310_bl_hash_sha256_finalize
 .text.nrf_cc310_bl_init
                0x0000000000008958       0x34 C:/Users/Brian/pouch-node-ws/nrfxlib/crypto/nrf_cc310_bl/lib/cortex-m4/hard-float/no-interrupts/libnrf_cc310_bl_0.9.12.a(nrf_cc310_bl_init.c.obj)
                0x0000000000008958                nrf_cc310_bl_init
 .text.PkaSetRegsMapTab
                0x000000000000898c       0x48 C:/Users/Brian/pouch-node-ws/nrfxlib/crypto/nrf_cc310_bl/lib/cortex-m4/hard-float/no-interrupts/libnrf_cc310_bl_0.9.12.a(pka.c.obj)
                0x000000000000898c                PkaSetRegsMapTab
 .text.PkaGetRegEffectiveSizeInBits
                0x00000000000089d4       0x8c C:/Users/Brian/pouch-node-ws/nrfxlib/crypto/nrf_cc310_bl/lib/cortex-m4/hard-float/no-interrupts/libnrf_cc310_bl_0.9.12.a(pka.c.obj)
                0x00000000000089d4                PkaGetRegEffectiveSizeInBits
 .text.PkaGetNextMsBit
                0x0000000000008a60       0x74 C:/Users/Brian/pouch-node-ws/nrfxlib/crypto/nrf_cc310_bl/lib/cortex-m4/hard-float/no-interrupts/libnrf_cc310_bl_0.9.12.a(pka.c.obj)
                0x0000000000008a60                PkaGetNextMsBit
 .text.PkaSetRegsSizesTab
                0x0000000000008ad4       0x3c C:/Users/Brian/pouch-node-ws/nrfxlib/crypto/nrf_cc310_bl/lib/cortex-m4/hard-float/no-interrupts/libnrf_cc310_bl_0.9.12.a(pka.c.obj)
                0x0000000000008ad4                PkaSetRegsSizesTab
 .text.PkaInitPka
                0x0000000000008b10       0x74 C:/Users/Brian/pouch-node-ws/nrfxlib/crypto/nrf_cc310_bl/lib/cortex-m4/hard-float/no-interrupts/libnrf_cc310_bl_0.9.12.a(pka.c.obj)
                0x0000000000008b10                PkaInitPka
 .text.PkaClearBlockOfRegs
                0x0000000000008b84      0x130 C:/Users/Brian/pouch-node-ws/nrfxlib/crypto/nrf_cc310_bl/lib/cortex-m4/hard-float/no-interrupts/libnrf_cc310_bl_0.9.12.a(pka.c.obj)
                0x0000000000008b84                PkaClearBlockOfRegs
 .text.PkaFinishAndMutexUnlock
                0x0000000000008cb4       0x24 C:/Users/Brian/pouch-node-ws/nrfxlib/crypto/nrf_cc310_bl/lib/cortex-m4/hard-float/no-interrupts/libnrf_cc310_bl_0.9.12.a(pka.c.obj)
                0x0000000000008cb4                PkaFinishAndMutexUnlock
 .text.PkaCopyDataIntoPkaReg
                0x0000000000008cd8       0xb8 C:/Users/Brian/pouch-node-ws/nrfxlib/crypto/nrf_cc310_bl/lib/cortex-m4/hard-float/no-interrupts/libnrf_cc310_bl_0.9.12.a(pka.c.obj)
                0x0000000000008cd8                PkaCopyDataIntoPkaReg
 .text.PkaEcdsaVerify
                0x0000000000008d90      0x284 C:/Users/Brian/pouch-node-ws/nrfxlib/crypto/nrf_cc310_bl/lib/cortex-m4/hard-float/no-interrupts/libnrf_cc310_bl_0.9.12.a(pka_ec_wrst_dsa_verify.c.obj)
                0x0000000000008d90                PkaEcdsaVerify
 .text.nrf_cc310_bl_hash_update_internal
                0x0000000000009014       0xf0 C:/Users/Brian/pouch-node-ws/nrfxlib/crypto/nrf_cc310_bl/lib/cortex-m4/hard-float/no-interrupts/libnrf_cc310_bl_0.9.12.a(nrf_cc310_bl_hash.c.obj)
                0x0000000000009014                nrf_cc310_bl_hash_update_internal
 .text.PkaDoubleMdf2Mdf
                0x0000000000009104      0x1ac C:/Users/Brian/pouch-node-ws/nrfxlib/crypto/nrf_cc310_bl/lib/cortex-m4/hard-float/no-interrupts/libnrf_cc310_bl_0.9.12.a(pka_ec_wrst.c.obj)
                0x0000000000009104                PkaDoubleMdf2Mdf
 .text.PkaDoubleMdf2Jcb
                0x00000000000092b0      0x178 C:/Users/Brian/pouch-node-ws/nrfxlib/crypto/nrf_cc310_bl/lib/cortex-m4/hard-float/no-interrupts/libnrf_cc310_bl_0.9.12.a(pka_ec_wrst.c.obj)
                0x00000000000092b0                PkaDoubleMdf2Jcb
 .text.PkaAddJcbAfn2Mdf
                0x0000000000009428      0x194 C:/Users/Brian/pouch-node-ws/nrfxlib/crypto/nrf_cc310_bl/lib/cortex-m4/hard-float/no-interrupts/libnrf_cc310_bl_0.9.12.a(pka_ec_wrst.c.obj)
                0x0000000000009428                PkaAddJcbAfn2Mdf
 .text.PkaJcb2Afn
                0x00000000000095bc       0xb0 C:/Users/Brian/pouch-node-ws/nrfxlib/crypto/nrf_cc310_bl/lib/cortex-m4/hard-float/no-interrupts/libnrf_cc310_bl_0.9.12.a(pka_ec_wrst.c.obj)
                0x00000000000095bc                PkaJcb2Afn
 .text.PkaAddAff
                0x000000000000966c      0x114 C:/Users/Brian/pouch-node-ws/nrfxlib/crypto/nrf_cc310_bl/lib/cortex-m4/hard-float/no-interrupts/libnrf_cc310_bl_0.9.12.a(pka_ec_wrst.c.obj)
                0x000000000000966c                PkaAddAff
 .text.PkaSum2ScalarMullt
                0x0000000000009780      0x1e4 C:/Users/Brian/pouch-node-ws/nrfxlib/crypto/nrf_cc310_bl/lib/cortex-m4/hard-float/no-interrupts/libnrf_cc310_bl_0.9.12.a(pka_ec_wrst.c.obj)
                0x0000000000009780                PkaSum2ScalarMullt
 .text.SaSi_HalClearInterruptBit
                0x0000000000009964        0xc C:/Users/Brian/pouch-node-ws/nrfxlib/crypto/nrf_cc310_bl/lib/cortex-m4/hard-float/no-interrupts/libnrf_cc310_bl_0.9.12.a(ssi_hal.c.obj)
                0x0000000000009964                SaSi_HalClearInterruptBit
 .text.SaSi_HalMaskInterrupt
                0x0000000000009970        0xc C:/Users/Brian/pouch-node-ws/nrfxlib/crypto/nrf_cc310_bl/lib/cortex-m4/hard-float/no-interrupts/libnrf_cc310_bl_0.9.12.a(ssi_hal.c.obj)
                0x0000000000009970                SaSi_HalMaskInterrupt
 .text.SaSi_HalWaitInterrupt
                0x000000000000997c       0x18 C:/Users/Brian/pouch-node-ws/nrfxlib/crypto/nrf_cc310_bl/lib/cortex-m4/hard-float/no-interrupts/libnrf_cc310_bl_0.9.12.a(ssi_hal.c.obj)
                0x000000000000997c                SaSi_HalWaitInterrupt
 .text.__m_vfprintf
                0x0000000000009994      0x294 c:\users\brian\zephyr-sdk-0.17.4\arm-zephyr-eabi\bin\../lib/gcc/../../picolibc/arm-zephyr-eabi/lib/thumb/v7e-m+fp/hard\libc.a(libc_tinystdio_vfmprintf.c.o)
                0x0000000000009994                __m_vfprintf
 .text._OffsetAbsSyms
                0x0000000000009c28        0x2 zephyr/CMakeFiles/offsets.dir/./arch/arm/core/offsets/offsets.c.obj
                0x0000000000009c28                _OffsetAbsSyms
 .text.flash_area_get_device_id
                0x0000000000009c2a        0x4 app/libapp.a(flash_map_extended.c.obj)
                0x0000000000009c2a                flash_area_get_device_id
 .text.flash_area_get_sector
                0x0000000000009c2e       0x36 app/libapp.a(flash_map_extended.c.obj)
                0x0000000000009c2e                flash_area_get_sector
 .text.os_heap_init
                0x0000000000009c64        0x2 app/libapp.a(os.c.obj)
                0x0000000000009c64                os_heap_init
 .text.bootutil_tlv_iter_begin
                0x0000000000009c66       0x9c app/libapp.a(tlv.c.obj)
                0x0000000000009c66                bootutil_tlv_iter_begin
 .text.bootutil_tlv_iter_next
                0x0000000000009d02       0x98 app/libapp.a(tlv.c.obj)
                0x0000000000009d02                bootutil_tlv_iter_next
 .text.bootutil_tlv_iter_is_prot
                0x0000000000009d9a       0x1c app/libapp.a(tlv.c.obj)
                0x0000000000009d9a                bootutil_tlv_iter_is_prot
 .text.bootutil_read_bigint
                0x0000000000009db6       0x66 app/libapp.a(image_ecdsa.c.obj)
 .text.boot_fih_memequal
                0x0000000000009e1c        0x4 app/libapp.a(bootutil_misc.c.obj)
                0x0000000000009e1c                boot_fih_memequal
 .text.boot_trailer_sz
                0x0000000000009e20        0xa app/libapp.a(bootutil_misc.c.obj)
                0x0000000000009e20                boot_trailer_sz
 .text.boot_trailer_scramble_offset
                0x0000000000009e2a       0x38 app/libapp.a(bootutil_misc.c.obj)
                0x0000000000009e2a                boot_trailer_scramble_offset
 .text.boot_status_off
                0x0000000000009e62       0x1e app/libapp.a(bootutil_misc.c.obj)
                0x0000000000009e62                boot_status_off
 .text.boot_read_swap_size
                0x0000000000009e80       0x1c app/libapp.a(bootutil_misc.c.obj)
                0x0000000000009e80                boot_read_swap_size
 .text.boot_write_swap_size
                0x0000000000009e9c       0x1e app/libapp.a(bootutil_misc.c.obj)
                0x0000000000009e9c                boot_write_swap_size
 .text.bootutil_max_image_size
                0x0000000000009eba        0x4 app/libapp.a(bootutil_misc.c.obj)
                0x0000000000009eba                bootutil_max_image_size
 .text.boot_read_image_size
                0x0000000000009ebe       0x8a app/libapp.a(bootutil_misc.c.obj)
                0x0000000000009ebe                boot_read_image_size
 .text.boot_read_image_headers
                0x0000000000009f48       0x2c app/libapp.a(loader.c.obj)
 .text.boot_read_sectors
                0x0000000000009f74       0x42 app/libapp.a(loader.c.obj)
 .text.boot_status_reset
                0x0000000000009fb6       0x12 app/libapp.a(loader.c.obj)
                0x0000000000009fb6                boot_status_reset
 .text.boot_status_is_reset
                0x0000000000009fc8       0x1a app/libapp.a(loader.c.obj)
                0x0000000000009fc8                boot_status_is_reset
 .text.boot_write_status
                0x0000000000009fe2       0x50 app/libapp.a(loader.c.obj)
                0x0000000000009fe2                boot_write_status
 .text.boot_scramble_region
                0x000000000000a032       0x14 app/libapp.a(loader.c.obj)
                0x000000000000a032                boot_scramble_region
 .text.boot_scramble_slot
                0x000000000000a046        0xa app/libapp.a(loader.c.obj)
                0x000000000000a046                boot_scramble_slot
 .text.swap_scramble_trailer_sectors
                0x000000000000a050       0x2a app/libapp.a(swap_misc.c.obj)
                0x000000000000a050                swap_scramble_trailer_sectors
 .text.swap_status_init
                0x000000000000a07a       0x52 app/libapp.a(swap_misc.c.obj)
                0x000000000000a07a                swap_status_init
 .text.swap_read_status
                0x000000000000a0cc       0x64 app/libapp.a(swap_misc.c.obj)
                0x000000000000a0cc                swap_read_status
 .text.find_last_idx
                0x000000000000a130       0x14 app/libapp.a(swap_move.c.obj)
                0x000000000000a130                find_last_idx
 .text.boot_status_internal_off
                0x000000000000a144       0x26 app/libapp.a(swap_move.c.obj)
                0x000000000000a144                boot_status_internal_off
 .text.app_max_size
                0x000000000000a16a       0x2c app/libapp.a(swap_move.c.obj)
                0x000000000000a16a                app_max_size
 .text.mbedtls_asn1_get_len
                0x000000000000a196       0x98 app/libapp.a(asn1parse.c.obj)
                0x000000000000a196                mbedtls_asn1_get_len
 .text.mbedtls_asn1_get_tag
                0x000000000000a22e       0x28 app/libapp.a(asn1parse.c.obj)
                0x000000000000a22e                mbedtls_asn1_get_tag
 .text.mbedtls_asn1_get_bitstring_null
                0x000000000000a256       0x28 app/libapp.a(asn1parse.c.obj)
                0x000000000000a256                mbedtls_asn1_get_bitstring_null
 .text.mbedtls_asn1_get_alg
                0x000000000000a27e       0x94 app/libapp.a(asn1parse.c.obj)
                0x000000000000a27e                mbedtls_asn1_get_alg
 .text.cc310_sha256_update
                0x000000000000a312       0x36 app/libapp.a(cc310_glue.c.obj)
                0x000000000000a312                cc310_sha256_update
 .text.swap_write_block_size_check
                0x000000000000a348       0x10 app/libapp.a(flash_check.c.obj)
                0x000000000000a348                swap_write_block_size_check
 .text.chunk_field
                0x000000000000a358       0x16 zephyr/libzephyr.a(heap.c.obj)
 .text.chunk_set
                0x000000000000a36e       0x16 zephyr/libzephyr.a(heap.c.obj)
 .text.chunk_size
                0x000000000000a384        0xc zephyr/libzephyr.a(heap.c.obj)
 .text.set_chunk_used
                0x000000000000a390       0x30 zephyr/libzephyr.a(heap.c.obj)
 .text.set_chunk_size
                0x000000000000a3c0        0x8 zephyr/libzephyr.a(heap.c.obj)
 .text.mem_to_chunkid
                0x000000000000a3c8       0x14 zephyr/libzephyr.a(heap.c.obj)
 .text.bucket_idx.isra.0
                0x000000000000a3dc       0x1c zephyr/libzephyr.a(heap.c.obj)
 .text.free_list_remove_bidx
                0x000000000000a3f8       0x5c zephyr/libzephyr.a(heap.c.obj)
 .text.free_list_remove
                0x000000000000a454       0x2e zephyr/libzephyr.a(heap.c.obj)
 .text.alloc_chunk
                0x000000000000a482       0x74 zephyr/libzephyr.a(heap.c.obj)
 .text.split_chunks
                0x000000000000a4f6       0x4e zephyr/libzephyr.a(heap.c.obj)
 .text.merge_chunks
                0x000000000000a544       0x3c zephyr/libzephyr.a(heap.c.obj)
 .text.free_list_add
                0x000000000000a580       0x84 zephyr/libzephyr.a(heap.c.obj)
 .text.free_chunk
                0x000000000000a604       0x84 zephyr/libzephyr.a(heap.c.obj)
 .text.sys_heap_free
                0x000000000000a688       0x24 zephyr/libzephyr.a(heap.c.obj)
                0x000000000000a688                sys_heap_free
 .text.sys_heap_alloc
                0x000000000000a6ac       0x6e zephyr/libzephyr.a(heap.c.obj)
                0x000000000000a6ac                sys_heap_alloc
 .text.sys_heap_noalign_alloc
                0x000000000000a71a        0x6 zephyr/libzephyr.a(heap.c.obj)
                0x000000000000a71a                sys_heap_noalign_alloc
 .text.sys_heap_init
                0x000000000000a720       0xb0 zephyr/libzephyr.a(heap.c.obj)
                0x000000000000a720                sys_heap_init
 .text.arch_printk_char_out
                0x000000000000a7d0        0x4 zephyr/libzephyr.a(printk.c.obj)
                0x000000000000a7d0                arch_printk_char_out
 .text.printk   0x000000000000a7d4       0x1a zephyr/libzephyr.a(printk.c.obj)
                0x000000000000a7d4                printk
 .text.sys_slist_find_and_remove
                0x000000000000a7ee       0x36 zephyr/libzephyr.a(onoff.c.obj)
 .text.process_recheck
                0x000000000000a824       0x38 zephyr/libzephyr.a(onoff.c.obj)
 .text.validate_args
                0x000000000000a85c       0x20 zephyr/libzephyr.a(onoff.c.obj)
 .text.notify_one
                0x000000000000a87c       0x2c zephyr/libzephyr.a(onoff.c.obj)
 .text.transition_complete
                0x000000000000a8a8       0x1c zephyr/libzephyr.a(onoff.c.obj)
 .text.onoff_manager_init
                0x000000000000a8c4       0x26 zephyr/libzephyr.a(onoff.c.obj)
                0x000000000000a8c4                onoff_manager_init
 .text.onoff_request
                0x000000000000a8ea       0xae zephyr/libzephyr.a(onoff.c.obj)
                0x000000000000a8ea                onoff_request
 .text.onoff_release
                0x000000000000a998       0x48 zephyr/libzephyr.a(onoff.c.obj)
                0x000000000000a998                onoff_release
 .text.onoff_cancel
                0x000000000000a9e0       0x36 zephyr/libzephyr.a(onoff.c.obj)
                0x000000000000a9e0                onoff_cancel
 .text.sys_notify_validate
                0x000000000000aa16       0x22 zephyr/libzephyr.a(notify.c.obj)
                0x000000000000aa16                sys_notify_validate
 .text.sys_notify_finalize
                0x000000000000aa38       0x1a zephyr/libzephyr.a(notify.c.obj)
                0x000000000000aa38                sys_notify_finalize
 .text.ring_buf_area_claim
                0x000000000000aa52       0x30 zephyr/libzephyr.a(ring_buffer.c.obj)
                0x000000000000aa52                ring_buf_area_claim
 .text.ring_buf_put_claim
                0x000000000000aa82       0x1e zephyr/libzephyr.a(ring_buffer.c.obj)
 .text.ring_buf_get_claim
                0x000000000000aaa0       0x1e zephyr/libzephyr.a(ring_buffer.c.obj)
 .text.ring_buf_area_finish
                0x000000000000aabe       0x32 zephyr/libzephyr.a(ring_buffer.c.obj)
                0x000000000000aabe                ring_buf_area_finish
 .text.ring_buf_put
                0x000000000000aaf0       0x40 zephyr/libzephyr.a(ring_buffer.c.obj)
                0x000000000000aaf0                ring_buf_put
 .text.ring_buf_get
                0x000000000000ab30       0x44 zephyr/libzephyr.a(ring_buffer.c.obj)
                0x000000000000ab30                ring_buf_get
 .text._ConfigAbsSyms
                0x000000000000ab74        0x2 zephyr/libzephyr.a(configs.c.obj)
                0x000000000000ab74                _ConfigAbsSyms
 .text.z_log_minimal_printk
                0x000000000000ab76       0x1a zephyr/libzephyr.a(log_minimal.c.obj)
                0x000000000000ab76                z_log_minimal_printk
 .text.is_in_flash_area_bounds
                0x000000000000ab90       0x1a zephyr/libzephyr.a(flash_map.c.obj)
 .text.flash_area_close
                0x000000000000abaa        0x2 zephyr/libzephyr.a(flash_map.c.obj)
                0x000000000000abaa                flash_area_close
 .text.flash_area_read
                0x000000000000abac       0x2a zephyr/libzephyr.a(flash_map.c.obj)
                0x000000000000abac                flash_area_read
 .text.flash_area_write
                0x000000000000abd6       0x2a zephyr/libzephyr.a(flash_map.c.obj)
                0x000000000000abd6                flash_area_write
 .text.flash_area_erase
                0x000000000000ac00       0x2a zephyr/libzephyr.a(flash_map.c.obj)
                0x000000000000ac00                flash_area_erase
 .text.flash_area_align
                0x000000000000ac2a        0xe zephyr/libzephyr.a(flash_map.c.obj)
                0x000000000000ac2a                flash_area_align
 .text.flash_area_erased_val
                0x000000000000ac38        0xe zephyr/libzephyr.a(flash_map.c.obj)
                0x000000000000ac38                flash_area_erased_val
 .text.get_sectors_cb
                0x000000000000ac46       0x44 zephyr/libzephyr.a(flash_map_layout.c.obj)
 .text.flash_area_get_sectors
                0x000000000000ac8a       0x32 zephyr/libzephyr.a(flash_map_layout.c.obj)
                0x000000000000ac8a                flash_area_get_sectors
 .text.get_ep_bm_from_addr
                0x000000000000acbc       0x1c zephyr/libzephyr.a(usb_device.c.obj)
 .text.usb_write
                0x000000000000acd8       0x30 zephyr/libzephyr.a(usb_device.c.obj)
                0x000000000000acd8                usb_write
 .text.usb_get_dev_data_by_cfg
                0x000000000000ad08       0x18 zephyr/libzephyr.a(usb_descriptor.c.obj)
                0x000000000000ad08                usb_get_dev_data_by_cfg
 .text.usb_get_dev_data_by_iface
                0x000000000000ad20       0x1c zephyr/libzephyr.a(usb_descriptor.c.obj)
                0x000000000000ad20                usb_get_dev_data_by_iface
 .text.usb_get_dev_data_by_ep
                0x000000000000ad3c       0x2c zephyr/libzephyr.a(usb_descriptor.c.obj)
                0x000000000000ad3c                usb_get_dev_data_by_ep
 .text.usb_transfer_is_busy
                0x000000000000ad68       0x16 zephyr/libzephyr.a(usb_transfer.c.obj)
                0x000000000000ad68                usb_transfer_is_busy
 .text.cdc_interface_config
                0x000000000000ad7e       0x14 zephyr/libzephyr.a(cdc_acm.c.obj)
 .text.cdc_acm_irq_callback_work_handler
                0x000000000000ad92        0xa zephyr/libzephyr.a(cdc_acm.c.obj)
 .text.cdc_acm_irq_tx_disable
                0x000000000000ad9c        0xa zephyr/libzephyr.a(cdc_acm.c.obj)
 .text.cdc_acm_irq_tx_ready
                0x000000000000ada6       0x20 zephyr/libzephyr.a(cdc_acm.c.obj)
 .text.cdc_acm_irq_rx_disable
                0x000000000000adc6        0xa zephyr/libzephyr.a(cdc_acm.c.obj)
 .text.cdc_acm_irq_rx_ready
                0x000000000000add0        0xe zephyr/libzephyr.a(cdc_acm.c.obj)
 .text.cdc_acm_irq_is_pending
                0x000000000000adde       0x1c zephyr/libzephyr.a(cdc_acm.c.obj)
 .text.cdc_acm_irq_callback_set
                0x000000000000adfa        0x8 zephyr/libzephyr.a(cdc_acm.c.obj)
 .text.cdc_acm_fifo_read
                0x000000000000ae02       0x48 zephyr/libzephyr.a(cdc_acm.c.obj)
 .text.cdc_acm_poll_in
                0x000000000000ae4a       0x12 zephyr/libzephyr.a(cdc_acm.c.obj)
 .text.cdc_acm_irq_update
                0x000000000000ae5c       0x30 zephyr/libzephyr.a(cdc_acm.c.obj)
 .text.abort_function
                0x000000000000ae8c        0x2 zephyr/libzephyr.a(nrf_cc3xx_platform_abort_zephyr.c.obj)
 .text.z_arm_fatal_error
                0x000000000000ae8e        0xc zephyr/arch/arch/arm/core/libarch__arm__core.a(fatal.c.obj)
                0x000000000000ae8e                z_arm_fatal_error
 .text.z_do_kernel_oops
                0x000000000000ae9a        0x8 zephyr/arch/arch/arm/core/libarch__arm__core.a(fatal.c.obj)
                0x000000000000ae9a                z_do_kernel_oops
 .text.z_arm_nmi
                0x000000000000aea2        0xe zephyr/arch/arch/arm/core/libarch__arm__core.a(nmi.c.obj)
                0x000000000000aea2                z_arm_nmi
 .text.z_irq_spurious
                0x000000000000aeb0        0x8 zephyr/arch/arch/arm/core/cortex_m/libarch__arm__core__cortex_m.a(irq_manage.c.obj)
                0x000000000000aeb0                z_irq_spurious
 .text.arch_irq_unlock_outlined
                0x000000000000aeb8        0xe zephyr/arch/arch/arm/core/cortex_m/libarch__arm__core__cortex_m.a(thread.c.obj)
                0x000000000000aeb8                arch_irq_unlock_outlined
 .text.arch_cpu_idle
                0x000000000000aec6       0x1a zephyr/arch/arch/arm/core/cortex_m/libarch__arm__core__cortex_m.a(cpu_idle.c.obj)
                0x000000000000aec6                arch_cpu_idle
 .text.arch_cpu_atomic_idle
                0x000000000000aee0       0x1e zephyr/arch/arch/arm/core/cortex_m/libarch__arm__core__cortex_m.a(cpu_idle.c.obj)
                0x000000000000aee0                arch_cpu_atomic_idle
 .text.size_to_mpu_rasr_size
                0x000000000000aefe       0x20 zephyr/arch/arch/arm/core/mpu/libarch__arm__core__mpu.a(arm_mpu.c.obj)
 .text.__assert_no_args
                0x000000000000af1e        0x6 zephyr/lib/libc/picolibc/liblib__libc__picolibc.a(assert.c.obj)
                0x000000000000af1e                __assert_no_args
 .text.picolibc_put
                0x000000000000af24        0xa zephyr/lib/libc/picolibc/liblib__libc__picolibc.a(stdio.c.obj)
 .text.ep_ctx_reset
                0x000000000000af2e       0x26 zephyr/drivers/usb/device/libdrivers__usb__device.a(usb_dc_nrfx.c.obj)
 .text.k_mutex_lock.constprop.0.isra.0
                0x000000000000af54        0x4 zephyr/drivers/usb/device/libdrivers__usb__device.a(usb_dc_nrfx.c.obj)
 .text.k_mutex_unlock.isra.0
                0x000000000000af58        0x4 zephyr/drivers/usb/device/libdrivers__usb__device.a(usb_dc_nrfx.c.obj)
 .text.usb_dc_ep_disable
                0x000000000000af5c       0x32 zephyr/drivers/usb/device/libdrivers__usb__device.a(usb_dc_nrfx.c.obj)
                0x000000000000af5c                usb_dc_ep_disable
 .text.ep2bit   0x000000000000af8e       0x10 zephyr/drivers/usb/common/nrf_usbd_common/libdrivers__usb__common__nrf_usbd_common.a(nrf_usbd_common.c.obj)
 .text.nrf_usbd_common_ep_max_packet_size_set
                0x000000000000af9e        0xa zephyr/drivers/usb/common/nrf_usbd_common/libdrivers__usb__common__nrf_usbd_common.a(nrf_usbd_common.c.obj)
                0x000000000000af9e                nrf_usbd_common_ep_max_packet_size_set
 .text.nrf_usbd_common_ep_status_get
                0x000000000000afa8       0x2c zephyr/drivers/usb/common/nrf_usbd_common/libdrivers__usb__common__nrf_usbd_common.a(nrf_usbd_common.c.obj)
                0x000000000000afa8                nrf_usbd_common_ep_status_get
 .text.get_status
                0x000000000000afd4       0x12 zephyr/drivers/clock_control/libdrivers__clock_control.a(clock_control_nrf.c.obj)
 .text.stop     0x000000000000afe6       0x50 zephyr/drivers/clock_control/libdrivers__clock_control.a(clock_control_nrf.c.obj)
 .text.api_stop
                0x000000000000b036        0x6 zephyr/drivers/clock_control/libdrivers__clock_control.a(clock_control_nrf.c.obj)
 .text.async_start
                0x000000000000b03c       0x5a zephyr/drivers/clock_control/libdrivers__clock_control.a(clock_control_nrf.c.obj)
 .text.api_start
                0x000000000000b096        0xe zephyr/drivers/clock_control/libdrivers__clock_control.a(clock_control_nrf.c.obj)
 .text.onoff_started_callback
                0x000000000000b0a4       0x14 zephyr/drivers/clock_control/libdrivers__clock_control.a(clock_control_nrf.c.obj)
 .text.lfclk_start
                0x000000000000b0b8        0x6 zephyr/drivers/clock_control/libdrivers__clock_control.a(clock_control_nrf.c.obj)
 .text.lfclk_stop
                0x000000000000b0be        0x6 zephyr/drivers/clock_control/libdrivers__clock_control.a(clock_control_nrf.c.obj)
 .text.blocking_start_callback
                0x000000000000b0c4        0x6 zephyr/drivers/clock_control/libdrivers__clock_control.a(clock_control_nrf.c.obj)
 .text.flash_get_page_info
                0x000000000000b0ca       0x66 zephyr/drivers/flash/libdrivers__flash.a(flash_page_layout.c.obj)
 .text.z_impl_flash_get_page_info_by_offs
                0x000000000000b130        0x8 zephyr/drivers/flash/libdrivers__flash.a(flash_page_layout.c.obj)
                0x000000000000b130                z_impl_flash_get_page_info_by_offs
 .text.flash_page_foreach
                0x000000000000b138       0x58 zephyr/drivers/flash/libdrivers__flash.a(flash_page_layout.c.obj)
                0x000000000000b138                flash_page_foreach
 .text.qspi_nor_get_size
                0x000000000000b190        0xe zephyr/drivers/flash/libdrivers__flash.a(nrf_qspi_nor.c.obj)
                0x000000000000b190                qspi_nor_get_size
 .text.qspi_handler
                0x000000000000b19e        0xc zephyr/drivers/flash/libdrivers__flash.a(nrf_qspi_nor.c.obj)
 .text.qspi_send_cmd.constprop.0